Archive member included to satisfy reference by file (symbol)

D:/stm32cubeclt/STM32CubeCLT_1.21.0/GNU-tools-for-STM32/bin/../lib/gcc/arm-none-eabi/14.3.1/../../../../arm-none-eabi/lib/thumb/v7e-m+fp/hard\libc_nano.a(libc_a-exit.o)
                              D:/stm32cubeclt/STM32CubeCLT_1.21.0/GNU-tools-for-STM32/bin/../lib/gcc/arm-none-eabi/14.3.1/../../../../arm-none-eabi/lib/thumb/v7e-m+fp/hard/crt0.o (exit)
D:/stm32cubeclt/STM32CubeCLT_1.21.0/GNU-tools-for-STM32/bin/../lib/gcc/arm-none-eabi/14.3.1/../../../../arm-none-eabi/lib/thumb/v7e-m+fp/hard\libc_nano.a(libc_a-findfp.o)
                              D:/stm32cubeclt/STM32CubeCLT_1.21.0/GNU-tools-for-STM32/bin/../lib/gcc/arm-none-eabi/14.3.1/../../../../arm-none-eabi/lib/thumb/v7e-m+fp/hard\libc_nano.a(libc_a-exit.o) (__stdio_exit_handler)
D:/stm32cubeclt/STM32CubeCLT_1.21.0/GNU-tools-for-STM32/bin/../lib/gcc/arm-none-eabi/14.3.1/../../../../arm-none-eabi/lib/thumb/v7e-m+fp/hard\libc_nano.a(libc_a-fwalk.o)
                              D:/stm32cubeclt/STM32CubeCLT_1.21.0/GNU-tools-for-STM32/bin/../lib/gcc/arm-none-eabi/14.3.1/../../../../arm-none-eabi/lib/thumb/v7e-m+fp/hard\libc_nano.a(libc_a-findfp.o) (_fwalk_sglue)
D:/stm32cubeclt/STM32CubeCLT_1.21.0/GNU-tools-for-STM32/bin/../lib/gcc/arm-none-eabi/14.3.1/../../../../arm-none-eabi/lib/thumb/v7e-m+fp/hard\libc_nano.a(libc_a-stdio.o)
                              D:/stm32cubeclt/STM32CubeCLT_1.21.0/GNU-tools-for-STM32/bin/../lib/gcc/arm-none-eabi/14.3.1/../../../../arm-none-eabi/lib/thumb/v7e-m+fp/hard\libc_nano.a(libc_a-findfp.o) (__sread)
D:/stm32cubeclt/STM32CubeCLT_1.21.0/GNU-tools-for-STM32/bin/../lib/gcc/arm-none-eabi/14.3.1/../../../../arm-none-eabi/lib/thumb/v7e-m+fp/hard\libc_nano.a(libc_a-memset.o)
                              D:/stm32cubeclt/STM32CubeCLT_1.21.0/GNU-tools-for-STM32/bin/../lib/gcc/arm-none-eabi/14.3.1/../../../../arm-none-eabi/lib/thumb/v7e-m+fp/hard/crt0.o (memset)
D:/stm32cubeclt/STM32CubeCLT_1.21.0/GNU-tools-for-STM32/bin/../lib/gcc/arm-none-eabi/14.3.1/../../../../arm-none-eabi/lib/thumb/v7e-m+fp/hard\libc_nano.a(libc_a-strncmp.o)
                              build/freertos.o (strncmp)
D:/stm32cubeclt/STM32CubeCLT_1.21.0/GNU-tools-for-STM32/bin/../lib/gcc/arm-none-eabi/14.3.1/../../../../arm-none-eabi/lib/thumb/v7e-m+fp/hard\libc_nano.a(libc_a-closer.o)
                              D:/stm32cubeclt/STM32CubeCLT_1.21.0/GNU-tools-for-STM32/bin/../lib/gcc/arm-none-eabi/14.3.1/../../../../arm-none-eabi/lib/thumb/v7e-m+fp/hard\libc_nano.a(libc_a-stdio.o) (_close_r)
D:/stm32cubeclt/STM32CubeCLT_1.21.0/GNU-tools-for-STM32/bin/../lib/gcc/arm-none-eabi/14.3.1/../../../../arm-none-eabi/lib/thumb/v7e-m+fp/hard\libc_nano.a(libc_a-reent.o)
                              D:/stm32cubeclt/STM32CubeCLT_1.21.0/GNU-tools-for-STM32/bin/../lib/gcc/arm-none-eabi/14.3.1/../../../../arm-none-eabi/lib/thumb/v7e-m+fp/hard\libc_nano.a(libc_a-closer.o) (errno)
D:/stm32cubeclt/STM32CubeCLT_1.21.0/GNU-tools-for-STM32/bin/../lib/gcc/arm-none-eabi/14.3.1/../../../../arm-none-eabi/lib/thumb/v7e-m+fp/hard\libc_nano.a(libc_a-impure.o)
                              D:/stm32cubeclt/STM32CubeCLT_1.21.0/GNU-tools-for-STM32/bin/../lib/gcc/arm-none-eabi/14.3.1/../../../../arm-none-eabi/lib/thumb/v7e-m+fp/hard\libc_nano.a(libc_a-reent.o) (_impure_ptr)
D:/stm32cubeclt/STM32CubeCLT_1.21.0/GNU-tools-for-STM32/bin/../lib/gcc/arm-none-eabi/14.3.1/../../../../arm-none-eabi/lib/thumb/v7e-m+fp/hard\libc_nano.a(libc_a-lseekr.o)
                              D:/stm32cubeclt/STM32CubeCLT_1.21.0/GNU-tools-for-STM32/bin/../lib/gcc/arm-none-eabi/14.3.1/../../../../arm-none-eabi/lib/thumb/v7e-m+fp/hard\libc_nano.a(libc_a-stdio.o) (_lseek_r)
D:/stm32cubeclt/STM32CubeCLT_1.21.0/GNU-tools-for-STM32/bin/../lib/gcc/arm-none-eabi/14.3.1/../../../../arm-none-eabi/lib/thumb/v7e-m+fp/hard\libc_nano.a(libc_a-readr.o)
                              D:/stm32cubeclt/STM32CubeCLT_1.21.0/GNU-tools-for-STM32/bin/../lib/gcc/arm-none-eabi/14.3.1/../../../../arm-none-eabi/lib/thumb/v7e-m+fp/hard\libc_nano.a(libc_a-stdio.o) (_read_r)
D:/stm32cubeclt/STM32CubeCLT_1.21.0/GNU-tools-for-STM32/bin/../lib/gcc/arm-none-eabi/14.3.1/../../../../arm-none-eabi/lib/thumb/v7e-m+fp/hard\libc_nano.a(libc_a-writer.o)
                              D:/stm32cubeclt/STM32CubeCLT_1.21.0/GNU-tools-for-STM32/bin/../lib/gcc/arm-none-eabi/14.3.1/../../../../arm-none-eabi/lib/thumb/v7e-m+fp/hard\libc_nano.a(libc_a-stdio.o) (_write_r)
D:/stm32cubeclt/STM32CubeCLT_1.21.0/GNU-tools-for-STM32/bin/../lib/gcc/arm-none-eabi/14.3.1/../../../../arm-none-eabi/lib/thumb/v7e-m+fp/hard\libc_nano.a(libc_a-errno.o)
                              build/sysmem.o (__errno)
D:/stm32cubeclt/STM32CubeCLT_1.21.0/GNU-tools-for-STM32/bin/../lib/gcc/arm-none-eabi/14.3.1/../../../../arm-none-eabi/lib/thumb/v7e-m+fp/hard\libc_nano.a(libc_a-init.o)
[...]
Memory Configuration

Name             Origin             Length             Attributes
RAM              0x20000000         0x00020000         xrw
CCMRAM           0x10000000         0x00010000         xrw
FLASH            0x08000000         0x00100000         xr
*default*        0x00000000         0xffffffff

Linker script and memory map

LOAD D:/stm32cubeclt/STM32CubeCLT_1.21.0/GNU-tools-for-STM32/bin/../lib/gcc/arm-none-eabi/14.3.1/thumb/v7e-m+fp/hard/crti.o
LOAD D:/stm32cubeclt/STM32CubeCLT_1.21.0/GNU-tools-for-STM32/bin/../lib/gcc/arm-none-eabi/14.3.1/thumb/v7e-m+fp/hard/crtbegin.o
LOAD D:/stm32cubeclt/STM32CubeCLT_1.21.0/GNU-tools-for-STM32/bin/../lib/gcc/arm-none-eabi/14.3.1/../../../../arm-none-eabi/lib/thumb/v7e-m+fp/hard/crt0.o
LOAD build/main.o
LOAD build/gpio.o
LOAD build/spi.o
LOAD build/usart.o
LOAD build/stm32f4xx_it.o
LOAD build/stm32f4xx_hal_msp.o
LOAD build/stm32f4xx_hal_spi.o
LOAD build/stm32f4xx_hal_rcc.o
LOAD build/stm32f4xx_hal_rcc_ex.o
LOAD build/stm32f4xx_hal_flash.o
LOAD build/stm32f4xx_hal_flash_ex.o
LOAD build/stm32f4xx_hal_flash_ramfunc.o
LOAD build/stm32f4xx_hal_gpio.o
LOAD build/stm32f4xx_hal_dma_ex.o
LOAD build/stm32f4xx_hal_dma.o
LOAD build/stm32f4xx_hal_pwr.o
LOAD build/stm32f4xx_hal_pwr_ex.o
LOAD build/stm32f4xx_hal_cortex.o
LOAD build/stm32f4xx_hal.o
LOAD build/stm32f4xx_hal_exti.o
LOAD build/stm32f4xx_hal_uart.o
LOAD build/system_stm32f4xx.o
LOAD build/sysmem.o
LOAD build/syscalls.o
LOAD build/freertos.o
LOAD build/stm32f4xx_hal_timebase_tim.o
LOAD build/stm32f4xx_hal_tim.o
LOAD build/stm32f4xx_hal_tim_ex.o
LOAD build/croutine.o
LOAD build/event_groups.o
LOAD build/list.o
LOAD build/queue.o
LOAD build/stream_buffer.o
LOAD build/tasks.o
LOAD build/timers.o
LOAD build/cmsis_os.o
LOAD build/heap_4.o
LOAD build/port.o
LOAD build/startup_stm32f407xx.o
LOAD D:/stm32cubeclt/STM32CubeCLT_1.21.0/GNU-tools-for-STM32/bin/../lib/gcc/arm-none-eabi/14.3.1/../../../../arm-none-eabi/lib/thumb/v7e-m+fp/hard\libc_nano.a
LOAD D:/stm32cubeclt/STM32CubeCLT_1.21.0/GNU-tools-for-STM32/bin/../lib/gcc/arm-none-eabi/14.3.1/../../../../arm-none-eabi/lib/thumb/v7e-m+fp/hard\libm.a
LOAD D:/stm32cubeclt/STM32CubeCLT_1.21.0/GNU-tools-for-STM32/bin/../lib/gcc/arm-none-eabi/14.3.1/../../../../arm-none-eabi/lib/thumb/v7e-m+fp/hard\libnosys.a
START GROUP
LOAD D:/stm32cubeclt/STM32CubeCLT_1.21.0/GNU-tools-for-STM32/bin/../lib/gcc/arm-none-eabi/14.3.1/thumb/v7e-m+fp/hard\libgcc.a
LOAD D:/stm32cubeclt/STM32CubeCLT_1.21.0/GNU-tools-for-STM32/bin/../lib/gcc/arm-none-eabi/14.3.1/../../../../arm-none-eabi/lib/thumb/v7e-m+fp/hard\libc_nano.a
END GROUP
START GROUP
LOAD D:/stm32cubeclt/STM32CubeCLT_1.21.0/GNU-tools-for-STM32/bin/../lib/gcc/arm-none-eabi/14.3.1/thumb/v7e-m+fp/hard\libgcc.a
LOAD D:/stm32cubeclt/STM32CubeCLT_1.21.0/GNU-tools-for-STM32/bin/../lib/gcc/arm-none-eabi/14.3.1/../../../../arm-none-eabi/lib/thumb/v7e-m+fp/hard\libc_nano.a
END GROUP
LOAD D:/stm32cubeclt/STM32CubeCLT_1.21.0/GNU-tools-for-STM32/bin/../lib/gcc/arm-none-eabi/14.3.1/thumb/v7e-m+fp/hard/crtend.o
LOAD D:/stm32cubeclt/STM32CubeCLT_1.21.0/GNU-tools-for-STM32/bin/../lib/gcc/arm-none-eabi/14.3.1/thumb/v7e-m+fp/hard/crtn.o
                0x20020000                        _estack = (ORIGIN (RAM) + LENGTH (RAM))
                0x2001f800                        _sstack = (_estack - _Min_Stack_Size)
                0x00000800                        _Min_Heap_Size = 0x800
                0x00000800                        _Min_Stack_Size = 0x800

.isr_vector     0x08000000      0x188
                0x08000000                        . = ALIGN (0x4)
 *(.isr_vector)
 .isr_vector    0x08000000      0x188 build/startup_stm32f407xx.o
                0x08000000                g_pfnVectors
                0x08000188                        . = ALIGN (0x4)

.text           0x08000190     0x3bf0
                0x08000190                        . = ALIGN (0x4)
 *(.text)
 .text          0x08000190       0x40 D:/stm32cubeclt/STM32CubeCLT_1.21.0/GNU-tools-for-STM32/bin/../lib/gcc/arm-none-eabi/14.3.1/thumb/v7e-m+fp/hard/crtbegin.o
 .text          0x080001d0       0x10 D:/stm32cubeclt/STM32CubeCLT_1.21.0/GNU-tools-for-STM32/bin/../lib/gcc/arm-none-eabi/14.3.1/../../../../arm-none-eabi/lib/thumb/v7e-m+fp/hard\libc_nano.a(libc_a-strlen.o)
                0x080001d0                strlen
 .text          0x080001e0       0x30 D:/stm32cubeclt/STM32CubeCLT_1.21.0/GNU-tools-for-STM32/bin/../lib/gcc/arm-none-eabi/14.3.1/thumb/v7e-m+fp/hard\libgcc.a(_aeabi_uldivmod.o)
                0x080001e0                __aeabi_uldivmod
 .text          0x08000210      0x2f8 D:/stm32cubeclt/STM32CubeCLT_1.21.0/GNU-tools-for-STM32/bin/../lib/gcc/arm-none-eabi/14.3.1/thumb/v7e-m+fp/hard\libgcc.a(_udivmoddi4.o)
                0x08000210                __udivmoddi4
 .text          0x08000508        0x4 D:/stm32cubeclt/STM32CubeCLT_1.21.0/GNU-tools-for-STM32/bin/../lib/gcc/arm-none-eabi/14.3.1/thumb/v7e-m+fp/hard\libgcc.a(_dvmd_tls.o)
                0x08000508                __aeabi_idiv0
                0x08000508                __aeabi_ldiv0
 *(.text*)
 .text.HAL_TIM_PeriodElapsedCallback
                0x0800050c       0x18 build/main.o
                0x0800050c                HAL_TIM_PeriodElapsedCallback
 .text.Error_Handler
                0x08000524        0x4 build/main.o
                0x08000524                Error_Handler
 .text.SystemClock_Config
                0x08000528       0x88 build/main.o
                0x08000528                SystemClock_Config
 .text.main     0x080005b0       0x20 build/main.o
                0x080005b0                main
 .text.MX_GPIO_Init
                0x080005d0      0x108 build/gpio.o
                0x080005d0                MX_GPIO_Init
 .text.MX_SPI1_Init
                0x080006d8       0x44 build/spi.o
                0x080006d8                MX_SPI1_Init
 .text.HAL_SPI_MspInit
                0x0800071c       0x6c build/spi.o
                0x0800071c                HAL_SPI_MspInit
 .text.MX_UART5_Init
                0x08000788       0x34 build/usart.o
                0x08000788                MX_UART5_Init
 .text.HAL_UART_MspInit
                0x080007bc       0xa8 build/usart.o
                0x080007bc                HAL_UART_MspInit
 .text.NMI_Handler
                0x08000864        0x2 build/stm32f4xx_it.o
                0x08000864                NMI_Handler
 .text.HardFault_Handler
                0x08000866        0x2 build/stm32f4xx_it.o
                0x08000866                HardFault_Handler
 .text.MemManage_Handler
                0x08000868        0x2 build/stm32f4xx_it.o
                0x08000868                MemManage_Handler
 .text.BusFault_Handler
                0x0800086a        0x2 build/stm32f4xx_it.o
                0x0800086a                BusFault_Handler
 .text.UsageFault_Handler
                0x0800086c        0x2 build/stm32f4xx_it.o
                0x0800086c                UsageFault_Handler
 .text.DebugMon_Handler
                0x0800086e        0x2 build/stm32f4xx_it.o
                0x0800086e                DebugMon_Handler
 .text.EXTI0_IRQHandler
                0x08000870        0xa build/stm32f4xx_it.o
                0x08000870                EXTI0_IRQHandler
 .text.EXTI1_IRQHandler
                0x0800087a        0xa build/stm32f4xx_it.o
                0x0800087a                EXTI1_IRQHandler
 .text.TIM1_UP_TIM10_IRQHandler
                0x08000884       0x10 build/stm32f4xx_it.o
                0x08000884                TIM1_UP_TIM10_IRQHandler
 .text.HAL_MspInit
                0x08000894       0x44 build/stm32f4xx_hal_msp.o
                0x08000894                HAL_MspInit
 .text.SPI_WaitFlagStateUntilTimeout
                0x080008d8       0xc8 build/stm32f4xx_hal_spi.o
 .text.SPI_EndRxTxTransaction
                0x080009a0       0x80 build/stm32f4xx_hal_spi.o
 .text.HAL_SPI_Init
                0x08000a20       0xbe build/stm32f4xx_hal_spi.o
                0x08000a20                HAL_SPI_Init
 .text.HAL_SPI_TransmitReceive
                0x08000ade      0x252 build/stm32f4xx_hal_spi.o
                0x08000ade                HAL_SPI_TransmitReceive
 .text.HAL_RCC_OscConfig
                0x08000d30      0x3f8 build/stm32f4xx_hal_rcc.o
                0x08000d30                HAL_RCC_OscConfig
 .text.HAL_RCC_GetSysClockFreq
                0x08001128       0xa8 build/stm32f4xx_hal_rcc.o
                0x08001128                HAL_RCC_GetSysClockFreq
 .text.HAL_RCC_ClockConfig
                0x080011d0      0x160 build/stm32f4xx_hal_rcc.o
                0x080011d0                HAL_RCC_ClockConfig
 .text.HAL_RCC_GetHCLKFreq
                0x08001330        0xc build/stm32f4xx_hal_rcc.o
                0x08001330                HAL_RCC_GetHCLKFreq
 .text.HAL_RCC_GetPCLK1Freq
                0x0800133c       0x20 build/stm32f4xx_hal_rcc.o
                0x0800133c                HAL_RCC_GetPCLK1Freq
 .text.HAL_RCC_GetPCLK2Freq
                0x0800135c       0x20 build/stm32f4xx_hal_rcc.o
                0x0800135c                HAL_RCC_GetPCLK2Freq
 .text.HAL_RCC_GetClockConfig
                0x0800137c       0x3c build/stm32f4xx_hal_rcc.o
                0x0800137c                HAL_RCC_GetClockConfig
 .text.HAL_GPIO_Init
                0x080013b8      0x1ec build/stm32f4xx_hal_gpio.o
                0x080013b8                HAL_GPIO_Init
 .text.HAL_GPIO_WritePin
                0x080015a4        0xc build/stm32f4xx_hal_gpio.o
                0x080015a4                HAL_GPIO_WritePin
 .text.HAL_GPIO_EXTI_Callback
                0x080015b0        0x2 build/stm32f4xx_hal_gpio.o
                0x080015b0                HAL_GPIO_EXTI_Callback
 *fill*         0x080015b2        0x2 
 .text.HAL_GPIO_EXTI_IRQHandler
                0x080015b4       0x1c build/stm32f4xx_hal_gpio.o
                0x080015b4                HAL_GPIO_EXTI_IRQHandler
 .text.__NVIC_EnableIRQ
                0x080015d0       0x1c build/stm32f4xx_hal_cortex.o
 .text.__NVIC_SetPriority
                0x080015ec       0x28 build/stm32f4xx_hal_cortex.o
 .text.NVIC_EncodePriority
                0x08001614       0x3c build/stm32f4xx_hal_cortex.o
 .text.HAL_NVIC_SetPriorityGrouping
                0x08001650       0x24 build/stm32f4xx_hal_cortex.o
                0x08001650                HAL_NVIC_SetPriorityGrouping
 .text.HAL_NVIC_SetPriority
                0x08001674       0x20 build/stm32f4xx_hal_cortex.o
                0x08001674                HAL_NVIC_SetPriority
 .text.HAL_NVIC_EnableIRQ
                0x08001694        0x8 build/stm32f4xx_hal_cortex.o
                0x08001694                HAL_NVIC_EnableIRQ
 .text.HAL_Init
                0x0800169c       0x34 build/stm32f4xx_hal.o
                0x0800169c                HAL_Init
 .text.HAL_IncTick
                0x080016d0       0x18 build/stm32f4xx_hal.o
                0x080016d0                HAL_IncTick
 .text.HAL_GetTick
                0x080016e8        0xc build/stm32f4xx_hal.o
                0x080016e8                HAL_GetTick
 .text.UART_EndRxTransfer
                0x080016f4       0x5c build/stm32f4xx_hal_uart.o
 .text.UART_SetConfig
                0x08001750      0x110 build/stm32f4xx_hal_uart.o
 .text.UART_WaitOnFlagUntilTimeout
                0x08001860       0x86 build/stm32f4xx_hal_uart.o
 .text.HAL_UART_Init
                0x080018e6       0x60 build/stm32f4xx_hal_uart.o
                0x080018e6                HAL_UART_Init
 .text.HAL_UART_Transmit
                0x08001946       0xca build/stm32f4xx_hal_uart.o
                0x08001946                HAL_UART_Transmit
 .text.SystemInit
                0x08001a10       0x14 build/system_stm32f4xx.o
                0x08001a10                SystemInit
 .text.StartDefaultTask
                0x08001a24        0xa build/freertos.o
                0x08001a24                StartDefaultTask
 *fill*         0x08001a2e        0x2 
 .text.vApplicationGetIdleTaskMemory
                0x08001a30       0x18 build/freertos.o
                0x08001a30                vApplicationGetIdleTaskMemory
 .text.MX_FREERTOS_Init
                0x08001a48       0xc0 build/freertos.o
                0x08001a48                MX_FREERTOS_Init
 .text.UART_Log
                0x08001b08       0x1c build/freertos.o
                0x08001b08                UART_Log
 .text.SpiTxTask
                0x08001b24       0x8c build/freertos.o
                0x08001b24                SpiTxTask
 .text.SpiRxTask
                0x08001bb0       0x68 build/freertos.o
                0x08001bb0                SpiRxTask
 .text.HAL_InitTick
                0x08001c18       0x94 build/stm32f4xx_hal_timebase_tim.o
                0x08001c18                HAL_InitTick
 .text.HAL_TIM_Base_MspInit
                0x08001cac        0x2 build/stm32f4xx_hal_tim.o
                0x08001cac                HAL_TIM_Base_MspInit
 *fill*         0x08001cae        0x2 
 .text.HAL_TIM_Base_Start_IT
                0x08001cb0       0x84 build/stm32f4xx_hal_tim.o
                0x08001cb0                HAL_TIM_Base_Start_IT
 .text.HAL_TIM_OC_DelayElapsedCallback
                0x08001d34        0x2 build/stm32f4xx_hal_tim.o
                0x08001d34                HAL_TIM_OC_DelayElapsedCallback
 .text.HAL_TIM_IC_CaptureCallback
                0x08001d36        0x2 build/stm32f4xx_hal_tim.o
                0x08001d36                HAL_TIM_IC_CaptureCallback
 .text.HAL_TIM_PWM_PulseFinishedCallback
                0x08001d38        0x2 build/stm32f4xx_hal_tim.o
                0x08001d38                HAL_TIM_PWM_PulseFinishedCallback
 .text.HAL_TIM_TriggerCallback
                0x08001d3a        0x2 build/stm32f4xx_hal_tim.o
                0x08001d3a                HAL_TIM_TriggerCallback
 .text.HAL_TIM_IRQHandler
                0x08001d3c      0x15e build/stm32f4xx_hal_tim.o
                0x08001d3c                HAL_TIM_IRQHandler
 *fill*         0x08001e9a        0x2 
 .text.TIM_Base_SetConfig
                0x08001e9c       0xd0 build/stm32f4xx_hal_tim.o
                0x08001e9c                TIM_Base_SetConfig
 .text.HAL_TIM_Base_Init
                0x08001f6c       0x58 build/stm32f4xx_hal_tim.o
                0x08001f6c                HAL_TIM_Base_Init
 .text.HAL_TIMEx_CommutCallback
                0x08001fc4        0x2 build/stm32f4xx_hal_tim_ex.o
                0x08001fc4                HAL_TIMEx_CommutCallback
 .text.HAL_TIMEx_BreakCallback
                0x08001fc6        0x2 build/stm32f4xx_hal_tim_ex.o
                0x08001fc6                HAL_TIMEx_BreakCallback
 .text.xEventGroupCreate
                0x08001fc8       0x1c build/event_groups.o
                0x08001fc8                xEventGroupCreate
 .text.xEventGroupSetBits
                0x08001fe4       0x8e build/event_groups.o
                0x08001fe4                xEventGroupSetBits
 .text.vListInitialise
                0x08002072       0x16 build/list.o
                0x08002072                vListInitialise
 .text.vListInitialiseItem
                0x08002088        0x6 build/list.o
                0x08002088                vListInitialiseItem
 .text.vListInsertEnd
                0x0800208e       0x16 build/list.o
                0x0800208e                vListInsertEnd
 .text.vListInsert
                0x080020a4       0x32 build/list.o
                0x080020a4                vListInsert
 .text.uxListRemove
                0x080020d6       0x26 build/list.o
                0x080020d6                uxListRemove
 .text.prvGetDisinheritPriorityAfterTimeout
                0x080020fc       0x10 build/queue.o
 .text.prvIsQueueFull
                0x0800210c       0x1e build/queue.o
 .text.prvIsQueueEmpty
                0x0800212a       0x1a build/queue.o
 .text.prvCopyDataToQueue
                0x08002144       0x76 build/queue.o
 .text.prvCopyDataFromQueue
                0x080021ba       0x24 build/queue.o
 .text.prvUnlockQueue
                0x080021de       0x6e build/queue.o
 .text.xQueueGenericReset
                0x0800224c       0x84 build/queue.o
                0x0800224c                xQueueGenericReset
 .text.prvInitialiseNewQueue
                0x080022d0       0x1c build/queue.o
 .text.xQueueGenericCreateStatic
                0x080022ec       0x94 build/queue.o
                0x080022ec                xQueueGenericCreateStatic
 .text.xQueueGenericCreate
                0x08002380       0x48 build/queue.o
                0x08002380                xQueueGenericCreate
 .text.xQueueGenericSend
                0x080023c8      0x188 build/queue.o
                0x080023c8                xQueueGenericSend
 .text.prvInitialiseMutex
                0x08002550       0x18 build/queue.o
 .text.xQueueCreateMutex
                0x08002568       0x16 build/queue.o
                0x08002568                xQueueCreateMutex
 .text.xQueueCreateMutexStatic
                0x0800257e       0x1e build/queue.o
                0x0800257e                xQueueCreateMutexStatic
 .text.xQueueGiveFromISR
                0x0800259c       0xb2 build/queue.o
                0x0800259c                xQueueGiveFromISR
 .text.xQueueSemaphoreTake
                0x0800264e      0x1a6 build/queue.o
                0x0800264e                xQueueSemaphoreTake
 .text.xQueueReceiveFromISR
                0x080027f4       0xae build/queue.o
                0x080027f4                xQueueReceiveFromISR
 *fill*         0x080028a2        0x2 
 .text.prvResetNextTaskUnblockTime
                0x080028a4       0x2c build/tasks.o
 .text.prvInitialiseNewTask
                0x080028d0       0x9c build/tasks.o
 .text.prvInitialiseTaskLists
                0x0800296c       0x68 build/tasks.o
 .text.prvAddNewTaskToReadyList
                0x080029d4       0xa8 build/tasks.o
 .text.prvDeleteTCB
                0x08002a7c       0x38 build/tasks.o
 .text.prvCheckTasksWaitingTermination
                0x08002ab4       0x4c build/tasks.o
 .text.prvIdleTask
                0x08002b00       0x28 build/tasks.o
 .text.prvAddCurrentTaskToDelayedList
                0x08002b28       0x98 build/tasks.o
 .text.xTaskCreateStatic
                0x08002bc0       0x76 build/tasks.o
                0x08002bc0                xTaskCreateStatic
 .text.xTaskCreate
                0x08002c36       0x64 build/tasks.o
                0x08002c36                xTaskCreate
 *fill*         0x08002c9a        0x2 
 .text.vTaskStartScheduler
                0x08002c9c       0x74 build/tasks.o
                0x08002c9c                vTaskStartScheduler
 .text.vTaskSuspendAll
                0x08002d10       0x10 build/tasks.o
                0x08002d10                vTaskSuspendAll
 .text.xTaskIncrementTick
                0x08002d20      0x118 build/tasks.o
                0x08002d20                xTaskIncrementTick
 .text.xTaskResumeAll
                0x08002e38       0xf8 build/tasks.o
                0x08002e38                xTaskResumeAll
 .text.vTaskDelay
                0x08002f30       0x4c build/tasks.o
                0x08002f30                vTaskDelay
 .text.vTaskSwitchContext
                0x08002f7c       0x98 build/tasks.o
                0x08002f7c                vTaskSwitchContext
 .text.vTaskPlaceOnEventList
                0x08003014       0x30 build/tasks.o
                0x08003014                vTaskPlaceOnEventList
 .text.xTaskRemoveFromEventList
                0x08003044       0x8c build/tasks.o
                0x08003044                xTaskRemoveFromEventList
 .text.vTaskRemoveFromUnorderedEventList
                0x080030d0       0x88 build/tasks.o
                0x080030d0                vTaskRemoveFromUnorderedEventList
 .text.vTaskInternalSetTimeOutState
                0x08003158       0x18 build/tasks.o
                0x08003158                vTaskInternalSetTimeOutState
 .text.xTaskCheckForTimeOut
                0x08003170       0x88 build/tasks.o
                0x08003170                xTaskCheckForTimeOut
 .text.vTaskMissedYield
                0x080031f8        0xc build/tasks.o
                0x080031f8                vTaskMissedYield
 .text.xTaskGetSchedulerState
                0x08003204       0x20 build/tasks.o
                0x08003204                xTaskGetSchedulerState
 .text.xTaskPriorityInherit
                0x08003224       0xac build/tasks.o
                0x08003224                xTaskPriorityInherit
 .text.xTaskPriorityDisinherit
                0x080032d0       0xb0 build/tasks.o
                0x080032d0                xTaskPriorityDisinherit
 .text.vTaskPriorityDisinheritAfterTimeout
                0x08003380       0xb4 build/tasks.o
                0x08003380                vTaskPriorityDisinheritAfterTimeout
 .text.pvTaskIncrementMutexHeldCount
                0x08003434       0x1c build/tasks.o
                0x08003434                pvTaskIncrementMutexHeldCount
 .text.makeFreeRtosPriority
                0x08003450        0xc build/cmsis_os.o
 .text.inHandlerMode
                0x0800345c        0xc build/cmsis_os.o
 .text.osKernelStart
                0x08003468        0xa build/cmsis_os.o
                0x08003468                osKernelStart
 .text.osThreadCreate
                0x08003472       0x66 build/cmsis_os.o
                0x08003472                osThreadCreate
 .text.osDelay  0x080034d8        0xe build/cmsis_os.o
                0x080034d8                osDelay
 .text.osMutexCreate
                0x080034e6       0x16 build/cmsis_os.o
                0x080034e6                osMutexCreate
 .text.osMutexWait
                0x080034fc       0x60 build/cmsis_os.o
                0x080034fc                osMutexWait
 .text.osMutexRelease
                0x0800355c       0x5a build/cmsis_os.o
                0x0800355c                osMutexRelease
 .text.osSemaphoreCreate
                0x080035b6       0x48 build/cmsis_os.o
                0x080035b6                osSemaphoreCreate
 .text.osSemaphoreWait
                0x080035fe       0x5e build/cmsis_os.o
                0x080035fe                osSemaphoreWait
 .text.osSemaphoreRelease
                0x0800365c       0x5a build/cmsis_os.o
                0x0800365c                osSemaphoreRelease
 *fill*         0x080036b6        0x2 
 .text.prvHeapInit
                0x080036b8       0x64 build/heap_4.o
 .text.prvInsertBlockIntoFreeList
                0x0800371c       0x64 build/heap_4.o
 .text.pvPortMalloc
                0x08003780      0x104 build/heap_4.o
                0x08003780                pvPortMalloc
 .text.vPortFree
                0x08003884       0x7c build/heap_4.o
                0x08003884                vPortFree
 .text.prvTaskExitError
                0x08003900       0x40 build/port.o
 .text.prvPortStartFirstTask
                0x08003940       0x28 build/port.o
 .text.vPortEnableVFP
                0x08003968       0x14 build/port.o
 .text.pxPortInitialiseStack
                0x0800397c       0x2c build/port.o
                0x0800397c                pxPortInitialiseStack
 *fill*         0x080039a8        0x8 
 .text.SVC_Handler
                0x080039b0       0x24 build/port.o
                0x080039b0                SVC_Handler
 .text.vPortEnterCritical
                0x080039d4       0x44 build/port.o
                0x080039d4                vPortEnterCritical
 .text.vPortExitCritical
                0x08003a18       0x2c build/port.o
                0x08003a18                vPortExitCritical
 *fill*         0x08003a44        0xc 
 .text.PendSV_Handler
                0x08003a50       0x64 build/port.o
                0x08003a50                PendSV_Handler
 .text.SysTick_Handler
                0x08003ab4       0x2c build/port.o
                0x08003ab4                SysTick_Handler
 .text.vPortSetupTimerInterrupt
                0x08003ae0       0x28 build/port.o
                0x08003ae0                vPortSetupTimerInterrupt
 .text.xPortStartScheduler
                0x08003b08      0x118 build/port.o
                0x08003b08                xPortStartScheduler
 .text.vPortValidateInterruptPriority
                0x08003c20       0x5c build/port.o
                0x08003c20                vPortValidateInterruptPriority
 .text.Reset_Handler
                0x08003c7c       0x50 build/startup_stm32f407xx.o
                0x08003c7c                Reset_Handler
 .text.Default_Handler
                0x08003ccc        0x2 build/startup_stm32f407xx.o
                0x08003ccc                RTC_Alarm_IRQHandler
                0x08003ccc                HASH_RNG_IRQHandler
                0x08003ccc                EXTI2_IRQHandler
                0x08003ccc                TIM8_CC_IRQHandler
                0x08003ccc                TIM1_CC_IRQHandler
                0x08003ccc                DMA2_Stream5_IRQHandler
                0x08003ccc                DMA1_Stream5_IRQHandler
                0x08003ccc                PVD_IRQHandler
                0x08003ccc                SDIO_IRQHandler
                0x08003ccc                TAMP_STAMP_IRQHandler
                0x08003ccc                CAN2_RX1_IRQHandler
                0x08003ccc                EXTI3_IRQHandler
                0x08003ccc                TIM8_TRG_COM_TIM14_IRQHandler
                0x08003ccc                TIM8_UP_TIM13_IRQHandler
                0x08003ccc                I2C3_ER_IRQHandler
                0x08003ccc                I2C2_EV_IRQHandler
                0x08003ccc                DMA1_Stream2_IRQHandler
                0x08003ccc                CAN1_RX0_IRQHandler
                0x08003ccc                FPU_IRQHandler
                0x08003ccc                OTG_HS_WKUP_IRQHandler
                0x08003ccc                CAN2_SCE_IRQHandler
                0x08003ccc                DMA2_Stream2_IRQHandler
                0x08003ccc                SPI1_IRQHandler
                0x08003ccc                TIM6_DAC_IRQHandler
                0x08003ccc                TIM1_BRK_TIM9_IRQHandler
                0x08003ccc                DCMI_IRQHandler
                0x08003ccc                CAN2_RX0_IRQHandler
                0x08003ccc                DMA2_Stream3_IRQHandler
                0x08003ccc                USART6_IRQHandler
                0x08003ccc                USART3_IRQHandler
                0x08003ccc                CAN1_RX1_IRQHandler
                0x08003ccc                UART5_IRQHandler
                0x08003ccc                DMA2_Stream0_IRQHandler
                0x08003ccc                TIM4_IRQHandler
                0x08003ccc                I2C1_EV_IRQHandler
                0x08003ccc                DMA1_Stream6_IRQHandler
                0x08003ccc                DMA1_Stream1_IRQHandler
                0x08003ccc                UART4_IRQHandler
                0x08003ccc                TIM3_IRQHandler
                0x08003ccc                RCC_IRQHandler
                0x08003ccc                TIM8_BRK_TIM12_IRQHandler
                0x08003ccc                Default_Handler
                0x08003ccc                EXTI15_10_IRQHandler
                0x08003ccc                ADC_IRQHandler
                0x08003ccc                DMA1_Stream7_IRQHandler
                0x08003ccc                TIM7_IRQHandler
                0x08003ccc                CAN2_TX_IRQHandler
                0x08003ccc                TIM5_IRQHandler
                0x08003ccc                DMA2_Stream7_IRQHandler
                0x08003ccc                I2C3_EV_IRQHandler
                0x08003ccc                EXTI9_5_IRQHandler
                0x08003ccc                RTC_WKUP_IRQHandler
                0x08003ccc                ETH_WKUP_IRQHandler
                0x08003ccc                SPI2_IRQHandler
                0x08003ccc                OTG_HS_EP1_IN_IRQHandler
                0x08003ccc                DMA1_Stream0_IRQHandler
                0x08003ccc                CAN1_TX_IRQHandler
                0x08003ccc                EXTI4_IRQHandler
                0x08003ccc                FSMC_IRQHandler
                0x08003ccc                ETH_IRQHandler
                0x08003ccc                OTG_HS_EP1_OUT_IRQHandler
                0x08003ccc                WWDG_IRQHandler
                0x08003ccc                TIM2_IRQHandler
                0x08003ccc                OTG_FS_WKUP_IRQHandler
                0x08003ccc                TIM1_TRG_COM_TIM11_IRQHandler
                0x08003ccc                OTG_HS_IRQHandler
                0x08003ccc                USART2_IRQHandler
                0x08003ccc                I2C2_ER_IRQHandler
                0x08003ccc                DMA2_Stream1_IRQHandler
                0x08003ccc                CAN1_SCE_IRQHandler
                0x08003ccc                FLASH_IRQHandler
                0x08003ccc                DMA2_Stream4_IRQHandler
                0x08003ccc                USART1_IRQHandler
                0x08003ccc                OTG_FS_IRQHandler
                0x08003ccc                SPI3_IRQHandler
                0x08003ccc                DMA1_Stream4_IRQHandler
                0x08003ccc                I2C1_ER_IRQHandler
                0x08003ccc                DMA2_Stream6_IRQHandler
                0x08003ccc                DMA1_Stream3_IRQHandler
 .text.memset   0x08003cce       0x10 D:/stm32cubeclt/STM32CubeCLT_1.21.0/GNU-tools-for-STM32/bin/../lib/gcc/arm-none-eabi/14.3.1/../../../../arm-none-eabi/lib/thumb/v7e-m+fp/hard\libc_nano.a(libc_a-memset.o)
                0x08003cce                memset
 .text.strncmp  0x08003cde       0x24 D:/stm32cubeclt/STM32CubeCLT_1.21.0/GNU-tools-for-STM32/bin/../lib/gcc/arm-none-eabi/14.3.1/../../../../arm-none-eabi/lib/thumb/v7e-m+fp/hard\libc_nano.a(libc_a-strncmp.o)
                0x08003cde                strncmp
 *fill*         0x08003d02        0x2 
 .text.__libc_init_array
                0x08003d04       0x48 D:/stm32cubeclt/STM32CubeCLT_1.21.0/GNU-tools-for-STM32/bin/../lib/gcc/arm-none-eabi/14.3.1/../../../../arm-none-eabi/lib/thumb/v7e-m+fp/hard\libc_nano.a(libc_a-init.o)
                0x08003d04                __libc_init_array
 .text.memcpy   0x08003d4c       0x1c D:/stm32cubeclt/STM32CubeCLT_1.21.0/GNU-tools-for-STM32/bin/../lib/gcc/arm-none-eabi/14.3.1/../../../../arm-none-eabi/lib/thumb/v7e-m+fp/hard\libc_nano.a(libc_a-memcpy-stub.o)
                0x08003d4c                memcpy
 *(.glue_7)
 .glue_7        0x08003d68        0x0 linker stubs
 *(.glue_7t)
 .glue_7t       0x08003d68        0x0 linker stubs
 *(.eh_frame)
 .eh_frame      0x08003d68        0x0 D:/stm32cubeclt/STM32CubeCLT_1.21.0/GNU-tools-for-STM32/bin/../lib/gcc/arm-none-eabi/14.3.1/thumb/v7e-m+fp/hard/crtbegin.o
 *(.init)
 .init          0x08003d68        0x4 D:/stm32cubeclt/STM32CubeCLT_1.21.0/GNU-tools-for-STM32/bin/../lib/gcc/arm-none-eabi/14.3.1/thumb/v7e-m+fp/hard/crti.o
                0x08003d68                _init
 .init          0x08003d6c        0x8 D:/stm32cubeclt/STM32CubeCLT_1.21.0/GNU-tools-for-STM32/bin/../lib/gcc/arm-none-eabi/14.3.1/thumb/v7e-m+fp/hard/crtn.o
 *(.fini)
 .fini          0x08003d74        0x4 D:/stm32cubeclt/STM32CubeCLT_1.21.0/GNU-tools-for-STM32/bin/../lib/gcc/arm-none-eabi/14.3.1/thumb/v7e-m+fp/hard/crti.o
                0x08003d74                _fini
 .fini          0x08003d78        0x8 D:/stm32cubeclt/STM32CubeCLT_1.21.0/GNU-tools-for-STM32/bin/../lib/gcc/arm-none-eabi/14.3.1/thumb/v7e-m+fp/hard/crtn.o
                0x08003d80                        . = ALIGN (0x4)
                0x08003d80                        _etext = .

.vfp11_veneer   0x08003d80        0x0
 .vfp11_veneer  0x08003d80        0x0 linker stubs

.v4_bx          0x08003d80        0x0
 .v4_bx         0x08003d80        0x0 linker stubs

.iplt           0x08003d80        0x0
 .iplt          0x08003d80        0x0 D:/stm32cubeclt/STM32CubeCLT_1.21.0/GNU-tools-for-STM32/bin/../lib/gcc/arm-none-eabi/14.3.1/thumb/v7e-m+fp/hard/crtbegin.o

.rodata         0x08003d80       0xe8
                0x08003d80                        . = ALIGN (0x4)
 *(.rodata)
 .rodata        0x08003d80       0x54 build/freertos.o
 *(.rodata*)
 .rodata.APBPrescTable
                0x08003dd4        0x8 build/system_stm32f4xx.o
                0x08003dd4                APBPrescTable
 .rodata.AHBPrescTable
                0x08003ddc       0x10 build/system_stm32f4xx.o
                0x08003ddc                AHBPrescTable
 .rodata.SpiTxTask.str1.4
                0x08003dec       0x79 build/freertos.o
                                 0x1a (size before relaxing)
 .rodata.SpiRxTask.str1.4
                0x08003e65       0x31 build/freertos.o
 .rodata.str1.4
                0x08003e65       0x24 build/freertos.o
 .rodata.vTaskStartScheduler.str1.4
                0x08003e65        0x5 build/tasks.o
                0x08003e98                        . = ALIGN (0x4)
 *fill*         0x08003e65        0x3 

.ARM.extab      0x08003e68        0x0
                0x08003e68                        . = ALIGN (0x4)
 *(.ARM.extab* .gnu.linkonce.armextab.*)
                0x08003e68                        . = ALIGN (0x4)

.ARM            0x08003e68        0x8
                0x08003e68                        . = ALIGN (0x4)
                0x08003e68                        __exidx_start = .
 *(.ARM.exidx*)
 .ARM.exidx     0x08003e68        0x8 D:/stm32cubeclt/STM32CubeCLT_1.21.0/GNU-tools-for-STM32/bin/../lib/gcc/arm-none-eabi/14.3.1/../../../../arm-none-eabi/lib/thumb/v7e-m+fp/hard\libc_nano.a(libc_a-strlen.o)
 .ARM.exidx     0x08003e70        0x0 D:/stm32cubeclt/STM32CubeCLT_1.21.0/GNU-tools-for-STM32/bin/../lib/gcc/arm-none-eabi/14.3.1/thumb/v7e-m+fp/hard\libgcc.a(_udivmoddi4.o)
                                  0x8 (size before relaxing)
                0x08003e70                        __exidx_end = .
                0x08003e70                        . = ALIGN (0x4)

.preinit_array  0x08003e70        0x0
                0x08003e70                        . = ALIGN (0x4)
                0x08003e70                        PROVIDE (__preinit_array_start = .)
 *(.preinit_array*)
                0x08003e70                        PROVIDE (__preinit_array_end = .)
                0x08003e70                        . = ALIGN (0x4)

.init_array     0x08003e70        0x4
                0x08003e70                        . = ALIGN (0x4)
                0x08003e70                        PROVIDE (__init_array_start = .)
 *(SORT_BY_NAME(.init_array.*))
 *(.init_array*)
 .init_array    0x08003e70        0x4 D:/stm32cubeclt/STM32CubeCLT_1.21.0/GNU-tools-for-STM32/bin/../lib/gcc/arm-none-eabi/14.3.1/thumb/v7e-m+fp/hard/crtbegin.o
                0x08003e74                        PROVIDE (__init_array_end = .)
                0x08003e74                        . = ALIGN (0x4)

.fini_array     0x08003e74        0x4
                0x08003e74                        . = ALIGN (0x4)
                [!provide]                        PROVIDE (__fini_array_start = .)
 *(SORT_BY_NAME(.fini_array.*))
 *(.fini_array*)
 .fini_array    0x08003e74        0x4 D:/stm32cubeclt/STM32CubeCLT_1.21.0/GNU-tools-for-STM32/bin/../lib/gcc/arm-none-eabi/14.3.1/thumb/v7e-m+fp/hard/crtbegin.o
                [!provide]                        PROVIDE (__fini_array_end = .)
                0x08003e78                        . = ALIGN (0x4)
                0x08003e78                        _sidata = LOADADDR (.data)

.rel.dyn        0x08003e78        0x0
 .rel.iplt      0x08003e78        0x0 D:/stm32cubeclt/STM32CubeCLT_1.21.0/GNU-tools-for-STM32/bin/../lib/gcc/arm-none-eabi/14.3.1/thumb/v7e-m+fp/hard/crtbegin.o

.data           0x20000000       0x1c load address 0x08003e78
                0x20000000                        . = ALIGN (0x4)
                0x20000000                        _sdata = .
 *(.data)
 *(.data*)
 .data.uwTickFreq
                0x20000000        0x1 build/stm32f4xx_hal.o
                0x20000000                uwTickFreq
 *fill*         0x20000001        0x3 
 .data.uwTickPrio
                0x20000004        0x4 build/stm32f4xx_hal.o
                0x20000004                uwTickPrio
 .data.SystemCoreClock
                0x20000008        0x4 build/system_stm32f4xx.o
                0x20000008                SystemCoreClock
 .data.tx_buf   0x2000000c        0xc build/freertos.o
 .data.uxCriticalNesting
                0x20000018        0x4 build/port.o
 *(.RamFunc)
 *(.RamFunc*)
                0x2000001c                        . = ALIGN (0x4)
                0x2000001c                        _edata = .
                0x08003e94                        _siccmram = LOADADDR (.ccmram)

.igot.plt       0x2000001c        0x0 load address 0x08003e94
 .igot.plt      0x2000001c        0x0 D:/stm32cubeclt/STM32CubeCLT_1.21.0/GNU-tools-for-STM32/bin/../lib/gcc/arm-none-eabi/14.3.1/thumb/v7e-m+fp/hard/crtbegin.o

.ccmram         0x10000000        0x0 load address 0x08003e94
                0x10000000                        . = ALIGN (0x4)
                0x10000000                        _sccmram = .
 *(.ccmram)
 *(.ccmram*)
                0x10000000                        . = ALIGN (0x4)
                0x10000000                        _eccmram = .
                0x10000000                        . = ALIGN (0x4)

.bss            0x2000001c    0x196d8
                0x2000001c                        _sbss = .
                0x2000001c                        __bss_start__ = _sbss
 *(.bss)
 .bss           0x2000001c       0x1c D:/stm32cubeclt/STM32CubeCLT_1.21.0/GNU-tools-for-STM32/bin/../lib/gcc/arm-none-eabi/14.3.1/thumb/v7e-m+fp/hard/crtbegin.o
 *(.bss*)
 .bss.hspi1     0x20000038       0x58 build/spi.o
                0x20000038                hspi1
 .bss.huart5    0x20000090       0x48 build/usart.o
                0x20000090                huart5
 .bss.uwTick    0x200000d8        0x4 build/stm32f4xx_hal.o
                0x200000d8                uwTick
 .bss.xIdleStack
                0x200000dc      0x400 build/freertos.o
 .bss.xIdleTaskTCBBuffer
                0x200004dc       0x54 build/freertos.o
 .bss.defaultTaskHandle
                0x20000530        0x4 build/freertos.o
                0x20000530                defaultTaskHandle
 .bss.rx_buf    0x20000534       0x10 build/freertos.o
 .bss.spiRxTaskHandle
                0x20000544        0x4 build/freertos.o
                0x20000544                spiRxTaskHandle
 .bss.spiTxTaskHandle
                0x20000548        0x4 build/freertos.o
                0x20000548                spiTxTaskHandle
 .bss.spiEventHandle
                0x2000054c        0x4 build/freertos.o
                0x2000054c                spiEventHandle
 .bss.txDoneSemHandle
                0x20000550        0x4 build/freertos.o
                0x20000550                txDoneSemHandle
 .bss.spiMutexHandle
                0x20000554        0x4 build/freertos.o
                0x20000554                spiMutexHandle
 .bss.htim1     0x20000558       0x48 build/stm32f4xx_hal_timebase_tim.o
                0x20000558                htim1
 .bss.uxSchedulerSuspended
                0x200005a0        0x4 build/tasks.o
 .bss.xIdleTaskHandle
                0x200005a4        0x4 build/tasks.o
 .bss.xNextTaskUnblockTime
                0x200005a8        0x4 build/tasks.o
 .bss.uxTaskNumber
                0x200005ac        0x4 build/tasks.o
 .bss.xNumOfOverflows
                0x200005b0        0x4 build/tasks.o
 .bss.xYieldPending
                0x200005b4        0x4 build/tasks.o
 .bss.xPendedTicks
                0x200005b8        0x4 build/tasks.o
 .bss.xSchedulerRunning
                0x200005bc        0x4 build/tasks.o
 .bss.uxTopReadyPriority
                0x200005c0        0x4 build/tasks.o
 .bss.xTickCount
                0x200005c4        0x4 build/tasks.o
 .bss.uxCurrentNumberOfTasks
                0x200005c8        0x4 build/tasks.o
 .bss.xSuspendedTaskList
                0x200005cc       0x14 build/tasks.o
 .bss.uxDeletedTasksWaitingCleanUp
                0x200005e0        0x4 build/tasks.o
 .bss.xTasksWaitingTermination
                0x200005e4       0x14 build/tasks.o
 .bss.xPendingReadyList
                0x200005f8       0x14 build/tasks.o
 .bss.pxOverflowDelayedTaskList
                0x2000060c        0x4 build/tasks.o
 .bss.pxDelayedTaskList
                0x20000610        0x4 build/tasks.o
 .bss.xDelayedTaskList2
                0x20000614       0x14 build/tasks.o
 .bss.xDelayedTaskList1
                0x20000628       0x14 build/tasks.o
 .bss.pxReadyTasksLists
                0x2000063c       0x8c build/tasks.o
 .bss.pxCurrentTCB
                0x200006c8        0x4 build/tasks.o
                0x200006c8                pxCurrentTCB
 .bss.xBlockAllocatedBit
                0x200006cc        0x4 build/heap_4.o
 .bss.xNumberOfSuccessfulFrees
                0x200006d0        0x4 build/heap_4.o
 .bss.xNumberOfSuccessfulAllocations
                0x200006d4        0x4 build/heap_4.o
 .bss.xMinimumEverFreeBytesRemaining
                0x200006d8        0x4 build/heap_4.o
 .bss.xFreeBytesRemaining
                0x200006dc        0x4 build/heap_4.o
 .bss.pxEnd     0x200006e0        0x4 build/heap_4.o
 .bss.xStart    0x200006e4        0x8 build/heap_4.o
 .bss.ucHeap    0x200006ec    0x19000 build/heap_4.o
 .bss.ulMaxPRIGROUPValue
                0x200196ec        0x4 build/port.o
 .bss.ucMaxSysCallPriority
                0x200196f0        0x1 build/port.o
 *(COMMON)
                0x200196f4                        . = ALIGN (0x4)
 *fill*         0x200196f1        0x3 
                0x200196f4                        _ebss = .
                0x200196f4                        __bss_end__ = _ebss

._user_heap_stack
                0x200196f4     0x1004
                0x200196f8                        . = ALIGN (0x8)
 *fill*         0x200196f4        0x4 
                [!provide]                        PROVIDE (end = .)
                0x200196f8                        PROVIDE (_end = .)
                0x20019ef8                        . = (. + _Min_Heap_Size)
 *fill*         0x200196f8      0x800 
                0x2001a6f8                        . = (. + _Min_Stack_Size)
 *fill*         0x20019ef8      0x800 
                0x2001a6f8                        . = ALIGN (0x8)

/DISCARD/
 libc.a(*)
 libm.a(*)
 libgcc.a(*)
OUTPUT(build/test_spi.elf elf32-littlearm)
LOAD linker stubs
LOAD D:/stm32cubeclt/STM32CubeCLT_1.21.0/GNU-tools-for-STM32/bin/../lib/gcc/arm-none-eabi/14.3.1/../../../../arm-none-eabi/lib/thumb/v7e-m+fp/hard\libc.a
LOAD D:/stm32cubeclt/STM32CubeCLT_1.21.0/GNU-tools-for-STM32/bin/../lib/gcc/arm-none-eabi/14.3.1/../../../../arm-none-eabi/lib/thumb/v7e-m+fp/hard\libm.a
LOAD D:/stm32cubeclt/STM32CubeCLT_1.21.0/GNU-tools-for-STM32/bin/../lib/gcc/arm-none-eabi/14.3.1/thumb/v7e-m+fp/hard\libgcc.a

.ARM.attributes
                0x00000000       0x30
 .ARM.attributes
                0x00000000       0x22 D:/stm32cubeclt/STM32CubeCLT_1.21.0/GNU-tools-for-STM32/bin/../lib/gcc/arm-none-eabi/14.3.1/thumb/v7e-m+fp/hard/crti.o
 .ARM.attributes
                0x00000022       0x34 D:/stm32cubeclt/STM32CubeCLT_1.21.0/GNU-tools-for-STM32/bin/../lib/gcc/arm-none-eabi/14.3.1/thumb/v7e-m+fp/hard/crtbegin.o
 .ARM.attributes
                0x00000056       0x34 build/main.o
 .ARM.attributes
                0x0000008a       0x34 build/gpio.o
 .ARM.attributes
                0x000000be       0x34 build/spi.o
 .ARM.attributes
                0x000000f2       0x34 build/usart.o
 .ARM.attributes
                0x00000126       0x34 build/stm32f4xx_it.o
 .ARM.attributes
                0x0000015a       0x34 build/stm32f4xx_hal_msp.o
 .ARM.attributes
                0x0000018e       0x34 build/stm32f4xx_hal_spi.o
 .ARM.attributes
                0x000001c2       0x34 build/stm32f4xx_hal_rcc.o
 .ARM.attributes
                0x000001f6       0x34 build/stm32f4xx_hal_gpio.o
 .ARM.attributes
                0x0000022a       0x34 build/stm32f4xx_hal_cortex.o
 .ARM.attributes
                0x0000025e       0x34 build/stm32f4xx_hal.o
 .ARM.attributes
                0x00000292       0x34 build/stm32f4xx_hal_uart.o
 .ARM.attributes
                0x000002c6       0x34 build/system_stm32f4xx.o
 .ARM.attributes
                0x000002fa       0x34 build/freertos.o
 .ARM.attributes
                0x0000032e       0x34 build/stm32f4xx_hal_timebase_tim.o
 .ARM.attributes
                0x00000362       0x34 build/stm32f4xx_hal_tim.o
 .ARM.attributes
                0x00000396       0x34 build/stm32f4xx_hal_tim_ex.o
 .ARM.attributes
                0x000003ca       0x34 build/event_groups.o
 .ARM.attributes
                0x000003fe       0x34 build/list.o
 .ARM.attributes
                0x00000432       0x34 build/queue.o
 .ARM.attributes
                0x00000466       0x34 build/tasks.o
 .ARM.attributes
                0x0000049a       0x34 build/cmsis_os.o
 .ARM.attributes
                0x000004ce       0x34 build/heap_4.o
 .ARM.attributes
                0x00000502       0x34 build/port.o
 .ARM.attributes
                0x00000536       0x21 build/startup_stm32f407xx.o
 .ARM.attributes
                0x00000557       0x34 D:/stm32cubeclt/STM32CubeCLT_1.21.0/GNU-tools-for-STM32/bin/../lib/gcc/arm-none-eabi/14.3.1/../../../../arm-none-eabi/lib/thumb/v7e-m+fp/hard\libc_nano.a(libc_a-memset.o)
 .ARM.attributes
                0x0000058b       0x34 D:/stm32cubeclt/STM32CubeCLT_1.21.0/GNU-tools-for-STM32/bin/../lib/gcc/arm-none-eabi/14.3.1/../../../../arm-none-eabi/lib/thumb/v7e-m+fp/hard\libc_nano.a(libc_a-strncmp.o)
 .ARM.attributes
                0x000005bf       0x34 D:/stm32cubeclt/STM32CubeCLT_1.21.0/GNU-tools-for-STM32/bin/../lib/gcc/arm-none-eabi/14.3.1/../../../../arm-none-eabi/lib/thumb/v7e-m+fp/hard\libc_nano.a(libc_a-init.o)
 .ARM.attributes
                0x000005f3       0x34 D:/stm32cubeclt/STM32CubeCLT_1.21.0/GNU-tools-for-STM32/bin/../lib/gcc/arm-none-eabi/14.3.1/../../../../arm-none-eabi/lib/thumb/v7e-m+fp/hard\libc_nano.a(libc_a-memcpy-stub.o)
 .ARM.attributes
                0x00000627       0x17 D:/stm32cubeclt/STM32CubeCLT_1.21.0/GNU-tools-for-STM32/bin/../lib/gcc/arm-none-eabi/14.3.1/../../../../arm-none-eabi/lib/thumb/v7e-m+fp/hard\libc_nano.a(libc_a-strlen.o)
 .ARM.attributes
                0x0000063e       0x22 D:/stm32cubeclt/STM32CubeCLT_1.21.0/GNU-tools-for-STM32/bin/../lib/gcc/arm-none-eabi/14.3.1/thumb/v7e-m+fp/hard\libgcc.a(_aeabi_uldivmod.o)
 .ARM.attributes
                0x00000660       0x34 D:/stm32cubeclt/STM32CubeCLT_1.21.0/GNU-tools-for-STM32/bin/../lib/gcc/arm-none-eabi/14.3.1/thumb/v7e-m+fp/hard\libgcc.a(_udivmoddi4.o)
 .ARM.attributes
                0x00000694       0x22 D:/stm32cubeclt/STM32CubeCLT_1.21.0/GNU-tools-for-STM32/bin/../lib/gcc/arm-none-eabi/14.3.1/thumb/v7e-m+fp/hard\libgcc.a(_dvmd_tls.o)
 .ARM.attributes
                0x000006b6       0x22 D:/stm32cubeclt/STM32CubeCLT_1.21.0/GNU-tools-for-STM32/bin/../lib/gcc/arm-none-eabi/14.3.1/thumb/v7e-m+fp/hard/crtn.o

.comment        0x00000000       0x43
 .comment       0x00000000       0x43 build/main.o
                                 0x44 (size before relaxing)
 .comment       0x00000043       0x44 build/gpio.o
 .comment       0x00000043       0x44 build/spi.o
 .comment       0x00000043       0x44 build/usart.o
 .comment       0x00000043       0x44 build/stm32f4xx_it.o
 .comment       0x00000043       0x44 build/stm32f4xx_hal_msp.o
 .comment       0x00000043       0x44 build/stm32f4xx_hal_spi.o
 .comment       0x00000043       0x44 build/stm32f4xx_hal_rcc.o
 .comment       0x00000043       0x44 build/stm32f4xx_hal_gpio.o
 .comment       0x00000043       0x44 build/stm32f4xx_hal_cortex.o
 .comment       0x00000043       0x44 build/stm32f4xx_hal.o
 .comment       0x00000043       0x44 build/stm32f4xx_hal_uart.o
 .comment       0x00000043       0x44 build/system_stm32f4xx.o
 .comment       0x00000043       0x44 build/freertos.o
 .comment       0x00000043       0x44 build/stm32f4xx_hal_timebase_tim.o
 .comment       0x00000043       0x44 build/stm32f4xx_hal_tim.o
 .comment       0x00000043       0x44 build/stm32f4xx_hal_tim_ex.o
 .comment       0x00000043       0x44 build/event_groups.o
 .comment       0x00000043       0x44 build/list.o
 .comment       0x00000043       0x44 build/queue.o
 .comment       0x00000043       0x44 build/tasks.o
 .comment       0x00000043       0x44 build/cmsis_os.o
 .comment       0x00000043       0x44 build/heap_4.o
 .comment       0x00000043       0x44 build/port.o

.debug_info     0x00000000    0x1ecdb
 .debug_info    0x00000000      0xddf build/main.o
 .debug_info    0x00000ddf      0x84c build/gpio.o
 .debug_info    0x0000162b      0xb56 build/spi.o
 .debug_info    0x00002181      0xb6a build/usart.o
 .debug_info    0x00002ceb      0x834 build/stm32f4xx_it.o
 .debug_info    0x0000351f      0x55a build/stm32f4xx_hal_msp.o
 .debug_info    0x00003a79     0x1f80 build/stm32f4xx_hal_spi.o
 .debug_info    0x000059f9      0xc20 build/stm32f4xx_hal_rcc.o
 .debug_info    0x00006619      0x848 build/stm32f4xx_hal_gpio.o
 .debug_info    0x00006e61     0x11e0 build/stm32f4xx_hal_cortex.o
 .debug_info    0x00008041      0xafa build/stm32f4xx_hal.o
 .debug_info    0x00008b3b     0x43b5 build/stm32f4xx_hal_uart.o
 .debug_info    0x0000cef0      0x5b3 build/system_stm32f4xx.o
 .debug_info    0x0000d4a3     0x16a6 build/freertos.o
 .debug_info    0x0000eb49      0xdc5 build/stm32f4xx_hal_timebase_tim.o
 .debug_info    0x0000f90e     0x41a0 build/stm32f4xx_hal_tim.o
 .debug_info    0x00013aae     0x1d97 build/stm32f4xx_hal_tim_ex.o
 .debug_info    0x00015845      0xe77 build/event_groups.o
 .debug_info    0x000166bc      0x30f build/list.o
 .debug_info    0x000169cb     0x24cf build/queue.o
 .debug_info    0x00018e9a     0x2b24 build/tasks.o
 .debug_info    0x0001b9be     0x271d build/cmsis_os.o
 .debug_info    0x0001e0db      0x60e build/heap_4.o
 .debug_info    0x0001e6e9      0x5c2 build/port.o
 .debug_info    0x0001ecab       0x30 build/startup_stm32f407xx.o

.debug_abbrev   0x00000000     0x3d45
 .debug_abbrev  0x00000000      0x27f build/main.o
 .debug_abbrev  0x0000027f      0x17e build/gpio.o
 .debug_abbrev  0x000003fd      0x20f build/spi.o
 .debug_abbrev  0x0000060c      0x20f build/usart.o
 .debug_abbrev  0x0000081b      0x1a9 build/stm32f4xx_it.o
 .debug_abbrev  0x000009c4      0x122 build/stm32f4xx_hal_msp.o
 .debug_abbrev  0x00000ae6      0x2be build/stm32f4xx_hal_spi.o
 .debug_abbrev  0x00000da4      0x2de build/stm32f4xx_hal_rcc.o
 .debug_abbrev  0x00001082      0x22b build/stm32f4xx_hal_gpio.o
 .debug_abbrev  0x000012ad      0x3ca build/stm32f4xx_hal_cortex.o
 .debug_abbrev  0x00001677      0x244 build/stm32f4xx_hal.o
 .debug_abbrev  0x000018bb      0x366 build/stm32f4xx_hal_uart.o
 .debug_abbrev  0x00001c21      0x11b build/system_stm32f4xx.o
 .debug_abbrev  0x00001d3c      0x297 build/freertos.o
 .debug_abbrev  0x00001fd3      0x22d build/stm32f4xx_hal_timebase_tim.o
 .debug_abbrev  0x00002200      0x2bd build/stm32f4xx_hal_tim.o
 .debug_abbrev  0x000024bd      0x2b7 build/stm32f4xx_hal_tim_ex.o
 .debug_abbrev  0x00002774      0x34f build/event_groups.o
 .debug_abbrev  0x00002ac3      0x124 build/list.o
 .debug_abbrev  0x00002be7      0x431 build/queue.o
 .debug_abbrev  0x00003018      0x3dd build/tasks.o
 .debug_abbrev  0x000033f5      0x40a build/cmsis_os.o
 .debug_abbrev  0x000037ff      0x27a build/heap_4.o
 .debug_abbrev  0x00003a79      0x2af build/port.o
 .debug_abbrev  0x00003d28       0x1d build/startup_stm32f407xx.o

.debug_loc      0x00000000    0x18746
 .debug_loc     0x00000000       0xd4 build/main.o
 .debug_loc     0x000000d4       0x39 build/gpio.o
 .debug_loc     0x0000010d      0x120 build/spi.o
 .debug_loc     0x0000022d      0x120 build/usart.o
 .debug_loc     0x0000034d       0x60 build/stm32f4xx_it.o
 .debug_loc     0x000003ad       0x38 build/stm32f4xx_hal_msp.o
 .debug_loc     0x000003e5     0x2578 build/stm32f4xx_hal_spi.o
 .debug_loc     0x0000295d      0x712 build/stm32f4xx_hal_rcc.o
 .debug_loc     0x0000306f      0x60b build/stm32f4xx_hal_gpio.o
 .debug_loc     0x0000367a      0x8ff build/stm32f4xx_hal_cortex.o
 .debug_loc     0x00003f79      0x1f9 build/stm32f4xx_hal.o
 .debug_loc     0x00004172     0x507d build/stm32f4xx_hal_uart.o
 .debug_loc     0x000091ef       0xb0 build/system_stm32f4xx.o
 .debug_loc     0x0000929f      0x17e build/freertos.o
 .debug_loc     0x0000941d      0x10f build/stm32f4xx_hal_timebase_tim.o
 .debug_loc     0x0000952c     0x6083 build/stm32f4xx_hal_tim.o
 .debug_loc     0x0000f5af     0x22c1 build/stm32f4xx_hal_tim_ex.o
 .debug_loc     0x00011870      0xbef build/event_groups.o
 .debug_loc     0x0001245f       0xeb build/list.o
 .debug_loc     0x0001254a     0x1b9e build/queue.o
 .debug_loc     0x000140e8     0x23ce build/tasks.o
 .debug_loc     0x000164b6     0x1bc6 build/cmsis_os.o
 .debug_loc     0x0001807c      0x504 build/heap_4.o
 .debug_loc     0x00018580      0x1c6 build/port.o

.debug_aranges  0x00000000     0x13f8
 .debug_aranges
                0x00000000       0x38 build/main.o
 .debug_aranges
                0x00000038       0x20 build/gpio.o
 .debug_aranges
                0x00000058       0x30 build/spi.o
 .debug_aranges
                0x00000088       0x30 build/usart.o
 .debug_aranges
                0x000000b8       0x60 build/stm32f4xx_it.o
 .debug_aranges
                0x00000118       0x20 build/stm32f4xx_hal_msp.o
 .debug_aranges
                0x00000138      0x1d0 build/stm32f4xx_hal_spi.o
 .debug_aranges
                0x00000308       0x88 build/stm32f4xx_hal_rcc.o
 .debug_aranges
                0x00000390       0x58 build/stm32f4xx_hal_gpio.o
 .debug_aranges
                0x000003e8       0xf8 build/stm32f4xx_hal_cortex.o
 .debug_aranges
                0x000004e0       0xf0 build/stm32f4xx_hal.o
 .debug_aranges
                0x000005d0      0x208 build/stm32f4xx_hal_uart.o
 .debug_aranges
                0x000007d8       0x28 build/system_stm32f4xx.o
 .debug_aranges
                0x00000800       0x48 build/freertos.o
 .debug_aranges
                0x00000848       0x30 build/stm32f4xx_hal_timebase_tim.o
 .debug_aranges
                0x00000878      0x3d0 build/stm32f4xx_hal_tim.o
 .debug_aranges
                0x00000c48      0x168 build/stm32f4xx_hal_tim_ex.o
 .debug_aranges
                0x00000db0       0x70 build/event_groups.o
 .debug_aranges
                0x00000e20       0x40 build/list.o
 .debug_aranges
                0x00000e60      0x108 build/queue.o
 .debug_aranges
                0x00000f68      0x1b8 build/tasks.o
 .debug_aranges
                0x00001120      0x1d8 build/cmsis_os.o
 .debug_aranges
                0x000012f8       0x58 build/heap_4.o
 .debug_aranges
                0x00001350       0x80 build/port.o
 .debug_aranges
                0x000013d0       0x28 build/startup_stm32f407xx.o

.debug_ranges   0x00000000     0x1480
 .debug_ranges  0x00000000       0x28 build/main.o
 .debug_ranges  0x00000028       0x10 build/gpio.o
 .debug_ranges  0x00000038       0x20 build/spi.o
 .debug_ranges  0x00000058       0x20 build/usart.o
 .debug_ranges  0x00000078       0x50 build/stm32f4xx_it.o
 .debug_ranges  0x000000c8       0x10 build/stm32f4xx_hal_msp.o
 .debug_ranges  0x000000d8      0x1c0 build/stm32f4xx_hal_spi.o
 .debug_ranges  0x00000298       0x90 build/stm32f4xx_hal_rcc.o
 .debug_ranges  0x00000328       0x48 build/stm32f4xx_hal_gpio.o
 .debug_ranges  0x00000370       0xe8 build/stm32f4xx_hal_cortex.o
 .debug_ranges  0x00000458       0xe0 build/stm32f4xx_hal.o
 .debug_ranges  0x00000538      0x1f8 build/stm32f4xx_hal_uart.o
 .debug_ranges  0x00000730       0x18 build/system_stm32f4xx.o
 .debug_ranges  0x00000748       0x38 build/freertos.o
 .debug_ranges  0x00000780       0x20 build/stm32f4xx_hal_timebase_tim.o
 .debug_ranges  0x000007a0      0x3c0 build/stm32f4xx_hal_tim.o
 .debug_ranges  0x00000b60      0x158 build/stm32f4xx_hal_tim_ex.o
 .debug_ranges  0x00000cb8       0x98 build/event_groups.o
 .debug_ranges  0x00000d50       0x30 build/list.o
 .debug_ranges  0x00000d80      0x1c8 build/queue.o
 .debug_ranges  0x00000f48      0x280 build/tasks.o
 .debug_ranges  0x000011c8      0x1c8 build/cmsis_os.o
 .debug_ranges  0x00001390       0x48 build/heap_4.o
 .debug_ranges  0x000013d8       0x88 build/port.o
 .debug_ranges  0x00001460       0x20 build/startup_stm32f407xx.o

.debug_line     0x00000000    0x160ba
 .debug_line    0x00000000      0x3f2 build/main.o
 .debug_line    0x000003f2      0x285 build/gpio.o
 .debug_line    0x00000677      0x34e build/spi.o
 .debug_line    0x000009c5      0x367 build/usart.o
 .debug_line    0x00000d2c      0x2f7 build/stm32f4xx_it.o
 .debug_line    0x00001023      0x200 build/stm32f4xx_hal_msp.o
 .debug_line    0x00001223     0x2477 build/stm32f4xx_hal_spi.o
 .debug_line    0x0000369a      0xc2f build/stm32f4xx_hal_rcc.o
 .debug_line    0x000042c9      0x763 build/stm32f4xx_hal_gpio.o
 .debug_line    0x00004a2c      0x898 build/stm32f4xx_hal_cortex.o
 .debug_line    0x000052c4      0x5d7 build/stm32f4xx_hal.o
 .debug_line    0x0000589b     0x347c build/stm32f4xx_hal_uart.o
 .debug_line    0x00008d17      0x2bb build/system_stm32f4xx.o
 .debug_line    0x00008fd2      0x590 build/freertos.o
 .debug_line    0x00009562      0x336 build/stm32f4xx_hal_timebase_tim.o
 .debug_line    0x00009898     0x470d build/stm32f4xx_hal_tim.o
 .debug_line    0x0000dfa5     0x1a65 build/stm32f4xx_hal_tim_ex.o
 .debug_line    0x0000fa0a      0x95a build/event_groups.o
 .debug_line    0x00010364      0x3c3 build/list.o
 .debug_line    0x00010727     0x181d build/queue.o
 .debug_line    0x00011f44     0x1fb5 build/tasks.o
 .debug_line    0x00013ef9     0x13cf build/cmsis_os.o
 .debug_line    0x000152c8      0x753 build/heap_4.o
 .debug_line    0x00015a1b      0x62c build/port.o
 .debug_line    0x00016047       0x73 build/startup_stm32f407xx.o

.debug_str      0x00000000     0x64ef
 .debug_str     0x00000000     0x64ef build/main.o
                                0xae9 (size before relaxing)
 .debug_str     0x000064ef      0x871 build/gpio.o
 .debug_str     0x000064ef      0x7de build/spi.o
 .debug_str     0x000064ef      0x807 build/usart.o
 .debug_str     0x000064ef      0x785 build/stm32f4xx_it.o
 .debug_str     0x000064ef      0x79f build/stm32f4xx_hal_msp.o
 .debug_str     0x000064ef      0xbcb build/stm32f4xx_hal_spi.o
 .debug_str     0x000064ef      0x6dd build/stm32f4xx_hal_rcc.o
 .debug_str     0x000064ef      0x4b7 build/stm32f4xx_hal_gpio.o
 .debug_str     0x000064ef      0xc4c build/stm32f4xx_hal_cortex.o
 .debug_str     0x000064ef      0xb3b build/stm32f4xx_hal.o
 .debug_str     0x000064ef      0xd72 build/stm32f4xx_hal_uart.o
 .debug_str     0x000064ef      0x34c build/system_stm32f4xx.o
 .debug_str     0x000064ef      0xf49 build/freertos.o
 .debug_str     0x000064ef      0xe33 build/stm32f4xx_hal_timebase_tim.o
 .debug_str     0x000064ef     0x16d6 build/stm32f4xx_hal_tim.o
 .debug_str     0x000064ef      0xee2 build/stm32f4xx_hal_tim_ex.o
 .debug_str     0x000064ef      0x734 build/event_groups.o
 .debug_str     0x000064ef      0x2d9 build/list.o
 .debug_str     0x000064ef      0xb42 build/queue.o
 .debug_str     0x000064ef      0xff2 build/tasks.o
 .debug_str     0x000064ef     0x105c build/cmsis_os.o
 .debug_str     0x000064ef      0x4f2 build/heap_4.o
 .debug_str     0x000064ef      0x455 build/port.o
 .debug_str     0x000064ef       0x59 build/startup_stm32f407xx.o

.debug_frame    0x00000000     0x37a8
 .debug_frame   0x00000000       0x70 build/main.o
 .debug_frame   0x00000070       0x38 build/gpio.o
 .debug_frame   0x000000a8       0x60 build/spi.o
 .debug_frame   0x00000108       0x68 build/usart.o
 .debug_frame   0x00000170       0xb8 build/stm32f4xx_it.o
 .debug_frame   0x00000228       0x2c build/stm32f4xx_hal_msp.o
 .debug_frame   0x00000254      0x5ac build/stm32f4xx_hal_spi.o
 .debug_frame   0x00000800      0x16c build/stm32f4xx_hal_rcc.o
 .debug_frame   0x0000096c       0xd8 build/stm32f4xx_hal_gpio.o
 .debug_frame   0x00000a44      0x214 build/stm32f4xx_hal_cortex.o
 .debug_frame   0x00000c58      0x1ec build/stm32f4xx_hal.o
 .debug_frame   0x00000e44      0x5e0 build/stm32f4xx_hal_uart.o
 .debug_frame   0x00001424       0x30 build/system_stm32f4xx.o
 .debug_frame   0x00001454       0xa0 build/freertos.o
 .debug_frame   0x000014f4       0x54 build/stm32f4xx_hal_timebase_tim.o
 .debug_frame   0x00001548      0xb04 build/stm32f4xx_hal_tim.o
 .debug_frame   0x0000204c      0x40c build/stm32f4xx_hal_tim_ex.o
 .debug_frame   0x00002458      0x168 build/event_groups.o
 .debug_frame   0x000025c0       0x70 build/list.o
 .debug_frame   0x00002630      0x35c build/queue.o
 .debug_frame   0x0000298c      0x598 build/tasks.o
 .debug_frame   0x00002f24      0x58c build/cmsis_os.o
 .debug_frame   0x000034b0       0xcc build/heap_4.o
 .debug_frame   0x0000357c      0x110 build/port.o
 .debug_frame   0x0000368c       0x20 D:/stm32cubeclt/STM32CubeCLT_1.21.0/GNU-tools-for-STM32/bin/../lib/gcc/arm-none-eabi/14.3.1/../../../../arm-none-eabi/lib/thumb/v7e-m+fp/hard\libc_nano.a(libc_a-memset.o)
 .debug_frame   0x000036ac       0x28 D:/stm32cubeclt/STM32CubeCLT_1.21.0/GNU-tools-for-STM32/bin/../lib/gcc/arm-none-eabi/14.3.1/../../../../arm-none-eabi/lib/thumb/v7e-m+fp/hard\libc_nano.a(libc_a-strncmp.o)
 .debug_frame   0x000036d4       0x2c D:/stm32cubeclt/STM32CubeCLT_1.21.0/GNU-tools-for-STM32/bin/../lib/gcc/arm-none-eabi/14.3.1/../../../../arm-none-eabi/lib/thumb/v7e-m+fp/hard\libc_nano.a(libc_a-init.o)
 .debug_frame   0x00003700       0x28 D:/stm32cubeclt/STM32CubeCLT_1.21.0/GNU-tools-for-STM32/bin/../lib/gcc/arm-none-eabi/14.3.1/../../../../arm-none-eabi/lib/thumb/v7e-m+fp/hard\libc_nano.a(libc_a-memcpy-stub.o)
 .debug_frame   0x00003728       0x20 D:/stm32cubeclt/STM32CubeCLT_1.21.0/GNU-tools-for-STM32/bin/../lib/gcc/arm-none-eabi/14.3.1/../../../../arm-none-eabi/lib/thumb/v7e-m+fp/hard\libc_nano.a(libc_a-strlen.o)
 .debug_frame   0x00003748       0x2c D:/stm32cubeclt/STM32CubeCLT_1.21.0/GNU-tools-for-STM32/bin/../lib/gcc/arm-none-eabi/14.3.1/thumb/v7e-m+fp/hard\libgcc.a(_aeabi_uldivmod.o)
 .debug_frame   0x00003774       0x34 D:/stm32cubeclt/STM32CubeCLT_1.21.0/GNU-tools-for-STM32/bin/../lib/gcc/arm-none-eabi/14.3.1/thumb/v7e-m+fp/hard\libgcc.a(_udivmoddi4.o)

Cross Reference Table

Symbol                                            File
ADC_IRQHandler                                    build/startup_stm32f407xx.o
AHBPrescTable                                     build/system_stm32f4xx.o
                                                  build/stm32f4xx_hal_rcc.o
APBPrescTable                                     build/system_stm32f4xx.o
                                                  build/stm32f4xx_hal_rcc.o
BusFault_Handler                                  build/stm32f4xx_it.o
CAN1_RX0_IRQHandler                               build/startup_stm32f407xx.o
CAN1_RX1_IRQHandler                               build/startup_stm32f407xx.o
CAN1_SCE_IRQHandler                               build/startup_stm32f407xx.o
CAN1_TX_IRQHandler                                build/startup_stm32f407xx.o
CAN2_RX0_IRQHandler                               build/startup_stm32f407xx.o
CAN2_RX1_IRQHandler                               build/startup_stm32f407xx.o
CAN2_SCE_IRQHandler                               build/startup_stm32f407xx.o
CAN2_TX_IRQHandler                                build/startup_stm32f407xx.o
DCMI_IRQHandler                                   build/startup_stm32f407xx.o
DMA1_Stream0_IRQHandler                           build/startup_stm32f407xx.o
DMA1_Stream1_IRQHandler                           build/startup_stm32f407xx.o
DMA1_Stream2_IRQHandler                           build/startup_stm32f407xx.o
DMA1_Stream3_IRQHandler                           build/startup_stm32f407xx.o
DMA1_Stream4_IRQHandler                           build/startup_stm32f407xx.o
DMA1_Stream5_IRQHandler                           build/startup_stm32f407xx.o
DMA1_Stream6_IRQHandler                           build/startup_stm32f407xx.o
DMA1_Stream7_IRQHandler                           build/startup_stm32f407xx.o
DMA2_Stream0_IRQHandler                           build/startup_stm32f407xx.o
DMA2_Stream1_IRQHandler                           build/startup_stm32f407xx.o
DMA2_Stream2_IRQHandler                           build/startup_stm32f407xx.o
DMA2_Stream3_IRQHandler                           build/startup_stm32f407xx.o
DMA2_Stream4_IRQHandler                           build/startup_stm32f407xx.o
DMA2_Stream5_IRQHandler                           build/startup_stm32f407xx.o
DMA2_Stream6_IRQHandler                           build/startup_stm32f407xx.o
DMA2_Stream7_IRQHandler                           build/startup_stm32f407xx.o
DebugMon_Handler                                  build/stm32f4xx_it.o
Default_Handler                                   build/startup_stm32f407xx.o
ETH_IRQHandler                                    build/startup_stm32f407xx.o
ETH_WKUP_IRQHandler                               build/startup_stm32f407xx.o
EXTI0_IRQHandler                                  build/stm32f4xx_it.o
EXTI15_10_IRQHandler                              build/startup_stm32f407xx.o
EXTI1_IRQHandler                                  build/stm32f4xx_it.o
EXTI2_IRQHandler                                  build/startup_stm32f407xx.o
EXTI3_IRQHandler                                  build/startup_stm32f407xx.o
EXTI4_IRQHandler                                  build/startup_stm32f407xx.o
EXTI9_5_IRQHandler                                build/startup_stm32f407xx.o
Error_Handler                                     build/main.o
                                                  build/usart.o
                                                  build/spi.o
FLASH_Erase_Sector                                build/stm32f4xx_hal_flash_ex.o
                                                  build/stm32f4xx_hal_flash.o
FLASH_FlushCaches                                 build/stm32f4xx_hal_flash_ex.o
                                                  build/stm32f4xx_hal_flash.o
FLASH_IRQHandler                                  build/startup_stm32f407xx.o
FLASH_WaitForLastOperation                        build/stm32f4xx_hal_flash.o
                                                  build/stm32f4xx_hal_flash_ex.o
FPU_IRQHandler                                    build/startup_stm32f407xx.o
FSMC_IRQHandler                                   build/startup_stm32f407xx.o
HAL_CORTEX_ClearEvent                             build/stm32f4xx_hal_cortex.o
HAL_DBGMCU_DisableDBGSleepMode                    build/stm32f4xx_hal.o
HAL_DBGMCU_DisableDBGStandbyMode                  build/stm32f4xx_hal.o
HAL_DBGMCU_DisableDBGStopMode                     build/stm32f4xx_hal.o
HAL_DBGMCU_EnableDBGSleepMode                     build/stm32f4xx_hal.o
HAL_DBGMCU_EnableDBGStandbyMode                   build/stm32f4xx_hal.o
HAL_DBGMCU_EnableDBGStopMode                      build/stm32f4xx_hal.o
HAL_DMAEx_ChangeMemory                            build/stm32f4xx_hal_dma_ex.o
HAL_DMAEx_MultiBufferStart                        build/stm32f4xx_hal_dma_ex.o
HAL_DMAEx_MultiBufferStart_IT                     build/stm32f4xx_hal_dma_ex.o
HAL_DMA_Abort                                     build/stm32f4xx_hal_dma.o
                                                  build/stm32f4xx_hal_uart.o
                                                  build/stm32f4xx_hal_spi.o
HAL_DMA_Abort_IT                                  build/stm32f4xx_hal_dma.o
                                                  build/stm32f4xx_hal_tim_ex.o
                                                  build/stm32f4xx_hal_tim.o
                                                  build/stm32f4xx_hal_uart.o
                                                  build/stm32f4xx_hal_spi.o
HAL_DMA_DeInit                                    build/stm32f4xx_hal_dma.o
HAL_DMA_GetError                                  build/stm32f4xx_hal_dma.o
                                                  build/stm32f4xx_hal_uart.o
HAL_DMA_GetState                                  build/stm32f4xx_hal_dma.o
HAL_DMA_IRQHandler                                build/stm32f4xx_hal_dma.o
HAL_DMA_Init                                      build/stm32f4xx_hal_dma.o
HAL_DMA_PollForTransfer                           build/stm32f4xx_hal_dma.o
HAL_DMA_RegisterCallback                          build/stm32f4xx_hal_dma.o
HAL_DMA_Start                                     build/stm32f4xx_hal_dma.o
HAL_DMA_Start_IT                                  build/stm32f4xx_hal_dma.o
                                                  build/stm32f4xx_hal_tim_ex.o
                                                  build/stm32f4xx_hal_tim.o
                                                  build/stm32f4xx_hal_uart.o
                                                  build/stm32f4xx_hal_spi.o
HAL_DMA_UnRegisterCallback                        build/stm32f4xx_hal_dma.o
HAL_DeInit                                        build/stm32f4xx_hal.o
HAL_Delay                                         build/stm32f4xx_hal.o
HAL_DisableCompensationCell                       build/stm32f4xx_hal.o
HAL_EXTI_ClearConfigLine                          build/stm32f4xx_hal_exti.o
HAL_EXTI_ClearPending                             build/stm32f4xx_hal_exti.o
HAL_EXTI_GenerateSWI                              build/stm32f4xx_hal_exti.o
HAL_EXTI_GetConfigLine                            build/stm32f4xx_hal_exti.o
HAL_EXTI_GetHandle                                build/stm32f4xx_hal_exti.o
HAL_EXTI_GetPending                               build/stm32f4xx_hal_exti.o
HAL_EXTI_IRQHandler                               build/stm32f4xx_hal_exti.o
HAL_EXTI_RegisterCallback                         build/stm32f4xx_hal_exti.o
HAL_EXTI_SetConfigLine                            build/stm32f4xx_hal_exti.o
HAL_EnableCompensationCell                        build/stm32f4xx_hal.o
HAL_FLASHEx_Erase                                 build/stm32f4xx_hal_flash_ex.o
HAL_FLASHEx_Erase_IT                              build/stm32f4xx_hal_flash_ex.o
HAL_FLASHEx_OBGetConfig                           build/stm32f4xx_hal_flash_ex.o
HAL_FLASHEx_OBProgram                             build/stm32f4xx_hal_flash_ex.o
HAL_FLASH_EndOfOperationCallback                  build/stm32f4xx_hal_flash.o
HAL_FLASH_GetError                                build/stm32f4xx_hal_flash.o
HAL_FLASH_IRQHandler                              build/stm32f4xx_hal_flash.o
HAL_FLASH_Lock                                    build/stm32f4xx_hal_flash.o
HAL_FLASH_OB_Launch                               build/stm32f4xx_hal_flash.o
HAL_FLASH_OB_Lock                                 build/stm32f4xx_hal_flash.o
HAL_FLASH_OB_Unlock                               build/stm32f4xx_hal_flash.o
HAL_FLASH_OperationErrorCallback                  build/stm32f4xx_hal_flash.o
HAL_FLASH_Program                                 build/stm32f4xx_hal_flash.o
HAL_FLASH_Program_IT                              build/stm32f4xx_hal_flash.o
HAL_FLASH_Unlock                                  build/stm32f4xx_hal_flash.o
HAL_GPIO_DeInit                                   build/stm32f4xx_hal_gpio.o
                                                  build/usart.o
                                                  build/spi.o
HAL_GPIO_EXTI_Callback                            build/stm32f4xx_hal_gpio.o
HAL_GPIO_EXTI_IRQHandler                          build/stm32f4xx_hal_gpio.o
                                                  build/stm32f4xx_it.o
HAL_GPIO_Init                                     build/stm32f4xx_hal_gpio.o
                                                  build/stm32f4xx_hal_rcc.o
                                                  build/usart.o
                                                  build/spi.o
                                                  build/gpio.o
HAL_GPIO_LockPin                                  build/stm32f4xx_hal_gpio.o
HAL_GPIO_ReadPin                                  build/stm32f4xx_hal_gpio.o
HAL_GPIO_TogglePin                                build/stm32f4xx_hal_gpio.o
HAL_GPIO_WritePin                                 build/stm32f4xx_hal_gpio.o
                                                  build/freertos.o
                                                  build/gpio.o
HAL_GetDEVID                                      build/stm32f4xx_hal.o
HAL_GetHalVersion                                 build/stm32f4xx_hal.o
HAL_GetREVID                                      build/stm32f4xx_hal.o
HAL_GetTick                                       build/stm32f4xx_hal.o
                                                  build/stm32f4xx_hal_uart.o
                                                  build/stm32f4xx_hal_pwr_ex.o
                                                  build/stm32f4xx_hal_dma.o
                                                  build/stm32f4xx_hal_flash.o
                                                  build/stm32f4xx_hal_rcc_ex.o
                                                  build/stm32f4xx_hal_rcc.o
                                                  build/stm32f4xx_hal_spi.o
HAL_GetTickFreq                                   build/stm32f4xx_hal.o
HAL_GetTickPrio                                   build/stm32f4xx_hal.o
HAL_GetUIDw0                                      build/stm32f4xx_hal.o
HAL_GetUIDw1                                      build/stm32f4xx_hal.o
HAL_GetUIDw2                                      build/stm32f4xx_hal.o
HAL_HalfDuplex_EnableReceiver                     build/stm32f4xx_hal_uart.o
HAL_HalfDuplex_EnableTransmitter                  build/stm32f4xx_hal_uart.o
HAL_HalfDuplex_Init                               build/stm32f4xx_hal_uart.o
HAL_IncTick                                       build/stm32f4xx_hal.o
                                                  build/main.o
HAL_Init                                          build/stm32f4xx_hal.o
                                                  build/main.o
HAL_InitTick                                      build/stm32f4xx_hal_timebase_tim.o
                                                  build/stm32f4xx_hal.o
                                                  build/stm32f4xx_hal_rcc_ex.o
                                                  build/stm32f4xx_hal_rcc.o
HAL_LIN_Init                                      build/stm32f4xx_hal_uart.o
HAL_LIN_SendBreak                                 build/stm32f4xx_hal_uart.o
HAL_MPU_ConfigRegion                              build/stm32f4xx_hal_cortex.o
HAL_MPU_Disable                                   build/stm32f4xx_hal_cortex.o
HAL_MPU_DisableRegion                             build/stm32f4xx_hal_cortex.o
HAL_MPU_Enable                                    build/stm32f4xx_hal_cortex.o
HAL_MPU_EnableRegion                              build/stm32f4xx_hal_cortex.o
HAL_MspDeInit                                     build/stm32f4xx_hal.o
HAL_MspInit                                       build/stm32f4xx_hal_msp.o
HAL_MultiProcessor_EnterMuteMode                  build/stm32f4xx_hal_uart.o
HAL_MultiProcessor_ExitMuteMode                   build/stm32f4xx_hal_uart.o
HAL_MultiProcessor_Init                           build/stm32f4xx_hal_uart.o
HAL_NVIC_ClearPendingIRQ                          build/stm32f4xx_hal_cortex.o
HAL_NVIC_DisableIRQ                               build/stm32f4xx_hal_cortex.o
HAL_NVIC_EnableIRQ                                build/stm32f4xx_hal_cortex.o
                                                  build/stm32f4xx_hal_timebase_tim.o
                                                  build/gpio.o
HAL_NVIC_GetActive                                build/stm32f4xx_hal_cortex.o
HAL_NVIC_GetPendingIRQ                            build/stm32f4xx_hal_cortex.o
HAL_NVIC_GetPriority                              build/stm32f4xx_hal_cortex.o
HAL_NVIC_GetPriorityGrouping                      build/stm32f4xx_hal_cortex.o
HAL_NVIC_SetPendingIRQ                            build/stm32f4xx_hal_cortex.o
HAL_NVIC_SetPriority                              build/stm32f4xx_hal_cortex.o
                                                  build/stm32f4xx_hal_timebase_tim.o
                                                  build/stm32f4xx_hal.o
                                                  build/stm32f4xx_hal_msp.o
                                                  build/gpio.o
HAL_NVIC_SetPriorityGrouping                      build/stm32f4xx_hal_cortex.o
                                                  build/stm32f4xx_hal.o
HAL_NVIC_SystemReset                              build/stm32f4xx_hal_cortex.o
HAL_PWREx_ControlVoltageScaling                   build/stm32f4xx_hal_pwr_ex.o
HAL_PWREx_DisableBkUpReg                          build/stm32f4xx_hal_pwr_ex.o
HAL_PWREx_DisableFlashPowerDown                   build/stm32f4xx_hal_pwr_ex.o
HAL_PWREx_EnableBkUpReg                           build/stm32f4xx_hal_pwr_ex.o
HAL_PWREx_EnableFlashPowerDown                    build/stm32f4xx_hal_pwr_ex.o
HAL_PWREx_GetVoltageRange                         build/stm32f4xx_hal_pwr_ex.o
HAL_PWR_ConfigPVD                                 build/stm32f4xx_hal_pwr.o
HAL_PWR_DeInit                                    build/stm32f4xx_hal_pwr.o
HAL_PWR_DisableBkUpAccess                         build/stm32f4xx_hal_pwr.o
HAL_PWR_DisablePVD                                build/stm32f4xx_hal_pwr.o
HAL_PWR_DisableSEVOnPend                          build/stm32f4xx_hal_pwr.o
HAL_PWR_DisableSleepOnExit                        build/stm32f4xx_hal_pwr.o
HAL_PWR_DisableWakeUpPin                          build/stm32f4xx_hal_pwr.o
HAL_PWR_EnableBkUpAccess                          build/stm32f4xx_hal_pwr.o
HAL_PWR_EnablePVD                                 build/stm32f4xx_hal_pwr.o
HAL_PWR_EnableSEVOnPend                           build/stm32f4xx_hal_pwr.o
HAL_PWR_EnableSleepOnExit                         build/stm32f4xx_hal_pwr.o
HAL_PWR_EnableWakeUpPin                           build/stm32f4xx_hal_pwr.o
HAL_PWR_EnterSLEEPMode                            build/stm32f4xx_hal_pwr.o
HAL_PWR_EnterSTANDBYMode                          build/stm32f4xx_hal_pwr.o
HAL_PWR_EnterSTOPMode                             build/stm32f4xx_hal_pwr.o
HAL_PWR_PVDCallback                               build/stm32f4xx_hal_pwr.o
HAL_PWR_PVD_IRQHandler                            build/stm32f4xx_hal_pwr.o
HAL_RCCEx_DisablePLLI2S                           build/stm32f4xx_hal_rcc_ex.o
HAL_RCCEx_EnablePLLI2S                            build/stm32f4xx_hal_rcc_ex.o
HAL_RCCEx_GetPeriphCLKConfig                      build/stm32f4xx_hal_rcc_ex.o
HAL_RCCEx_GetPeriphCLKFreq                        build/stm32f4xx_hal_rcc_ex.o
HAL_RCCEx_PeriphCLKConfig                         build/stm32f4xx_hal_rcc_ex.o
HAL_RCC_CSSCallback                               build/stm32f4xx_hal_rcc.o
HAL_RCC_ClockConfig                               build/stm32f4xx_hal_rcc.o
                                                  build/main.o
HAL_RCC_DeInit                                    build/stm32f4xx_hal_rcc_ex.o
                                                  build/stm32f4xx_hal_rcc.o
HAL_RCC_DisableCSS                                build/stm32f4xx_hal_rcc.o
HAL_RCC_EnableCSS                                 build/stm32f4xx_hal_rcc.o
HAL_RCC_GetClockConfig                            build/stm32f4xx_hal_rcc.o
                                                  build/stm32f4xx_hal_timebase_tim.o
HAL_RCC_GetHCLKFreq                               build/stm32f4xx_hal_rcc.o
HAL_RCC_GetOscConfig                              build/stm32f4xx_hal_rcc.o
HAL_RCC_GetPCLK1Freq                              build/stm32f4xx_hal_rcc.o
                                                  build/stm32f4xx_hal_uart.o
HAL_RCC_GetPCLK2Freq                              build/stm32f4xx_hal_rcc.o
                                                  build/stm32f4xx_hal_timebase_tim.o
                                                  build/stm32f4xx_hal_uart.o
HAL_RCC_GetSysClockFreq                           build/stm32f4xx_hal_rcc.o
HAL_RCC_MCOConfig                                 build/stm32f4xx_hal_rcc.o
HAL_RCC_NMI_IRQHandler                            build/stm32f4xx_hal_rcc.o
HAL_RCC_OscConfig                                 build/stm32f4xx_hal_rcc.o
                                                  build/main.o
HAL_ResumeTick                                    build/stm32f4xx_hal_timebase_tim.o
                                                  build/stm32f4xx_hal.o
HAL_SPI_Abort                                     build/stm32f4xx_hal_spi.o
HAL_SPI_AbortCpltCallback                         build/stm32f4xx_hal_spi.o
HAL_SPI_Abort_IT                                  build/stm32f4xx_hal_spi.o
HAL_SPI_DMAPause                                  build/stm32f4xx_hal_spi.o
HAL_SPI_DMAResume                                 build/stm32f4xx_hal_spi.o
HAL_SPI_DMAStop                                   build/stm32f4xx_hal_spi.o
HAL_SPI_DeInit                                    build/stm32f4xx_hal_spi.o
HAL_SPI_ErrorCallback                             build/stm32f4xx_hal_spi.o
HAL_SPI_GetError                                  build/stm32f4xx_hal_spi.o
HAL_SPI_GetState                                  build/stm32f4xx_hal_spi.o
HAL_SPI_IRQHandler                                build/stm32f4xx_hal_spi.o
HAL_SPI_Init                                      build/stm32f4xx_hal_spi.o
                                                  build/spi.o
HAL_SPI_MspDeInit                                 build/spi.o
HAL_SPI_MspInit                                   build/spi.o
HAL_SPI_Receive                                   build/stm32f4xx_hal_spi.o
HAL_SPI_Receive_DMA                               build/stm32f4xx_hal_spi.o
HAL_SPI_Receive_IT                                build/stm32f4xx_hal_spi.o
HAL_SPI_RxCpltCallback                            build/stm32f4xx_hal_spi.o
HAL_SPI_RxHalfCpltCallback                        build/stm32f4xx_hal_spi.o
HAL_SPI_Transmit                                  build/stm32f4xx_hal_spi.o
HAL_SPI_TransmitReceive                           build/stm32f4xx_hal_spi.o
                                                  build/freertos.o
HAL_SPI_TransmitReceive_DMA                       build/stm32f4xx_hal_spi.o
HAL_SPI_TransmitReceive_IT                        build/stm32f4xx_hal_spi.o
HAL_SPI_Transmit_DMA                              build/stm32f4xx_hal_spi.o
HAL_SPI_Transmit_IT                               build/stm32f4xx_hal_spi.o
HAL_SPI_TxCpltCallback                            build/stm32f4xx_hal_spi.o
HAL_SPI_TxHalfCpltCallback                        build/stm32f4xx_hal_spi.o
HAL_SPI_TxRxCpltCallback                          build/stm32f4xx_hal_spi.o
HAL_SPI_TxRxHalfCpltCallback                      build/stm32f4xx_hal_spi.o
HAL_SYSTICK_CLKSourceConfig                       build/stm32f4xx_hal_cortex.o
HAL_SYSTICK_Callback                              build/stm32f4xx_hal_cortex.o
HAL_SYSTICK_Config                                build/stm32f4xx_hal_cortex.o
                                                  build/stm32f4xx_hal.o
HAL_SYSTICK_IRQHandler                            build/stm32f4xx_hal_cortex.o
HAL_SetTickFreq                                   build/stm32f4xx_hal.o
HAL_SuspendTick                                   build/stm32f4xx_hal_timebase_tim.o
                                                  build/stm32f4xx_hal.o
HAL_TIMEx_BreakCallback                           build/stm32f4xx_hal_tim_ex.o
                                                  build/stm32f4xx_hal_tim.o
HAL_TIMEx_CommutCallback                          build/stm32f4xx_hal_tim_ex.o
                                                  build/stm32f4xx_hal_tim.o
HAL_TIMEx_CommutHalfCpltCallback                  build/stm32f4xx_hal_tim_ex.o
HAL_TIMEx_ConfigBreakDeadTime                     build/stm32f4xx_hal_tim_ex.o
HAL_TIMEx_ConfigCommutEvent                       build/stm32f4xx_hal_tim_ex.o
HAL_TIMEx_ConfigCommutEvent_DMA                   build/stm32f4xx_hal_tim_ex.o
HAL_TIMEx_ConfigCommutEvent_IT                    build/stm32f4xx_hal_tim_ex.o
HAL_TIMEx_GetChannelNState                        build/stm32f4xx_hal_tim_ex.o
HAL_TIMEx_HallSensor_DeInit                       build/stm32f4xx_hal_tim_ex.o
HAL_TIMEx_HallSensor_GetState                     build/stm32f4xx_hal_tim_ex.o
HAL_TIMEx_HallSensor_Init                         build/stm32f4xx_hal_tim_ex.o
HAL_TIMEx_HallSensor_MspDeInit                    build/stm32f4xx_hal_tim_ex.o
HAL_TIMEx_HallSensor_MspInit                      build/stm32f4xx_hal_tim_ex.o
HAL_TIMEx_HallSensor_Start                        build/stm32f4xx_hal_tim_ex.o
HAL_TIMEx_HallSensor_Start_DMA                    build/stm32f4xx_hal_tim_ex.o
HAL_TIMEx_HallSensor_Start_IT                     build/stm32f4xx_hal_tim_ex.o
HAL_TIMEx_HallSensor_Stop                         build/stm32f4xx_hal_tim_ex.o
HAL_TIMEx_HallSensor_Stop_DMA                     build/stm32f4xx_hal_tim_ex.o
HAL_TIMEx_HallSensor_Stop_IT                      build/stm32f4xx_hal_tim_ex.o
HAL_TIMEx_MasterConfigSynchronization             build/stm32f4xx_hal_tim_ex.o
HAL_TIMEx_OCN_Start                               build/stm32f4xx_hal_tim_ex.o
HAL_TIMEx_OCN_Start_DMA                           build/stm32f4xx_hal_tim_ex.o
HAL_TIMEx_OCN_Start_IT                            build/stm32f4xx_hal_tim_ex.o
HAL_TIMEx_OCN_Stop                                build/stm32f4xx_hal_tim_ex.o
HAL_TIMEx_OCN_Stop_DMA                            build/stm32f4xx_hal_tim_ex.o
HAL_TIMEx_OCN_Stop_IT                             build/stm32f4xx_hal_tim_ex.o
HAL_TIMEx_OnePulseN_Start                         build/stm32f4xx_hal_tim_ex.o
HAL_TIMEx_OnePulseN_Start_IT                      build/stm32f4xx_hal_tim_ex.o
HAL_TIMEx_OnePulseN_Stop                          build/stm32f4xx_hal_tim_ex.o
HAL_TIMEx_OnePulseN_Stop_IT                       build/stm32f4xx_hal_tim_ex.o
HAL_TIMEx_PWMN_Start                              build/stm32f4xx_hal_tim_ex.o
HAL_TIMEx_PWMN_Start_DMA                          build/stm32f4xx_hal_tim_ex.o
HAL_TIMEx_PWMN_Start_IT                           build/stm32f4xx_hal_tim_ex.o
HAL_TIMEx_PWMN_Stop                               build/stm32f4xx_hal_tim_ex.o
HAL_TIMEx_PWMN_Stop_DMA                           build/stm32f4xx_hal_tim_ex.o
HAL_TIMEx_PWMN_Stop_IT                            build/stm32f4xx_hal_tim_ex.o
HAL_TIMEx_RemapConfig                             build/stm32f4xx_hal_tim_ex.o
HAL_TIM_Base_DeInit                               build/stm32f4xx_hal_tim.o
HAL_TIM_Base_GetState                             build/stm32f4xx_hal_tim.o
HAL_TIM_Base_Init                                 build/stm32f4xx_hal_tim.o
                                                  build/stm32f4xx_hal_timebase_tim.o
HAL_TIM_Base_MspDeInit                            build/stm32f4xx_hal_tim.o
HAL_TIM_Base_MspInit                              build/stm32f4xx_hal_tim.o
HAL_TIM_Base_Start                                build/stm32f4xx_hal_tim.o
HAL_TIM_Base_Start_DMA                            build/stm32f4xx_hal_tim.o
HAL_TIM_Base_Start_IT                             build/stm32f4xx_hal_tim.o
                                                  build/stm32f4xx_hal_timebase_tim.o
HAL_TIM_Base_Stop                                 build/stm32f4xx_hal_tim.o
HAL_TIM_Base_Stop_DMA                             build/stm32f4xx_hal_tim.o
HAL_TIM_Base_Stop_IT                              build/stm32f4xx_hal_tim.o
HAL_TIM_ConfigClockSource                         build/stm32f4xx_hal_tim.o
HAL_TIM_ConfigOCrefClear                          build/stm32f4xx_hal_tim.o
HAL_TIM_ConfigTI1Input                            build/stm32f4xx_hal_tim.o
HAL_TIM_DMABurstState                             build/stm32f4xx_hal_tim.o
HAL_TIM_DMABurst_MultiReadStart                   build/stm32f4xx_hal_tim.o
HAL_TIM_DMABurst_MultiWriteStart                  build/stm32f4xx_hal_tim.o
HAL_TIM_DMABurst_ReadStart                        build/stm32f4xx_hal_tim.o
HAL_TIM_DMABurst_ReadStop                         build/stm32f4xx_hal_tim.o
HAL_TIM_DMABurst_WriteStart                       build/stm32f4xx_hal_tim.o
HAL_TIM_DMABurst_WriteStop                        build/stm32f4xx_hal_tim.o
HAL_TIM_Encoder_DeInit                            build/stm32f4xx_hal_tim.o
HAL_TIM_Encoder_GetState                          build/stm32f4xx_hal_tim.o
HAL_TIM_Encoder_Init                              build/stm32f4xx_hal_tim.o
HAL_TIM_Encoder_MspDeInit                         build/stm32f4xx_hal_tim.o
HAL_TIM_Encoder_MspInit                           build/stm32f4xx_hal_tim.o
HAL_TIM_Encoder_Start                             build/stm32f4xx_hal_tim.o
HAL_TIM_Encoder_Start_DMA                         build/stm32f4xx_hal_tim.o
HAL_TIM_Encoder_Start_IT                          build/stm32f4xx_hal_tim.o
HAL_TIM_Encoder_Stop                              build/stm32f4xx_hal_tim.o
HAL_TIM_Encoder_Stop_DMA                          build/stm32f4xx_hal_tim.o
HAL_TIM_Encoder_Stop_IT                           build/stm32f4xx_hal_tim.o
HAL_TIM_ErrorCallback                             build/stm32f4xx_hal_tim.o
                                                  build/stm32f4xx_hal_tim_ex.o
HAL_TIM_GenerateEvent                             build/stm32f4xx_hal_tim.o
HAL_TIM_GetActiveChannel                          build/stm32f4xx_hal_tim.o
HAL_TIM_GetChannelState                           build/stm32f4xx_hal_tim.o
HAL_TIM_IC_CaptureCallback                        build/stm32f4xx_hal_tim.o
HAL_TIM_IC_CaptureHalfCpltCallback                build/stm32f4xx_hal_tim.o
HAL_TIM_IC_ConfigChannel                          build/stm32f4xx_hal_tim.o
HAL_TIM_IC_DeInit                                 build/stm32f4xx_hal_tim.o
HAL_TIM_IC_GetState                               build/stm32f4xx_hal_tim.o
HAL_TIM_IC_Init                                   build/stm32f4xx_hal_tim.o
HAL_TIM_IC_MspDeInit                              build/stm32f4xx_hal_tim.o
HAL_TIM_IC_MspInit                                build/stm32f4xx_hal_tim.o
HAL_TIM_IC_Start                                  build/stm32f4xx_hal_tim.o
HAL_TIM_IC_Start_DMA                              build/stm32f4xx_hal_tim.o
HAL_TIM_IC_Start_IT                               build/stm32f4xx_hal_tim.o
HAL_TIM_IC_Stop                                   build/stm32f4xx_hal_tim.o
HAL_TIM_IC_Stop_DMA                               build/stm32f4xx_hal_tim.o
HAL_TIM_IC_Stop_IT                                build/stm32f4xx_hal_tim.o
HAL_TIM_IRQHandler                                build/stm32f4xx_hal_tim.o
                                                  build/stm32f4xx_it.o
HAL_TIM_OC_ConfigChannel                          build/stm32f4xx_hal_tim.o
HAL_TIM_OC_DeInit                                 build/stm32f4xx_hal_tim.o
HAL_TIM_OC_DelayElapsedCallback                   build/stm32f4xx_hal_tim.o
HAL_TIM_OC_GetState                               build/stm32f4xx_hal_tim.o
HAL_TIM_OC_Init                                   build/stm32f4xx_hal_tim.o
HAL_TIM_OC_MspDeInit                              build/stm32f4xx_hal_tim.o
HAL_TIM_OC_MspInit                                build/stm32f4xx_hal_tim.o
HAL_TIM_OC_Start                                  build/stm32f4xx_hal_tim.o
HAL_TIM_OC_Start_DMA                              build/stm32f4xx_hal_tim.o
HAL_TIM_OC_Start_IT                               build/stm32f4xx_hal_tim.o
HAL_TIM_OC_Stop                                   build/stm32f4xx_hal_tim.o
HAL_TIM_OC_Stop_DMA                               build/stm32f4xx_hal_tim.o
HAL_TIM_OC_Stop_IT                                build/stm32f4xx_hal_tim.o
HAL_TIM_OnePulse_ConfigChannel                    build/stm32f4xx_hal_tim.o
HAL_TIM_OnePulse_DeInit                           build/stm32f4xx_hal_tim.o
HAL_TIM_OnePulse_GetState                         build/stm32f4xx_hal_tim.o
HAL_TIM_OnePulse_Init                             build/stm32f4xx_hal_tim.o
HAL_TIM_OnePulse_MspDeInit                        build/stm32f4xx_hal_tim.o
HAL_TIM_OnePulse_MspInit                          build/stm32f4xx_hal_tim.o
HAL_TIM_OnePulse_Start                            build/stm32f4xx_hal_tim.o
HAL_TIM_OnePulse_Start_IT                         build/stm32f4xx_hal_tim.o
HAL_TIM_OnePulse_Stop                             build/stm32f4xx_hal_tim.o
HAL_TIM_OnePulse_Stop_IT                          build/stm32f4xx_hal_tim.o
HAL_TIM_PWM_ConfigChannel                         build/stm32f4xx_hal_tim.o
HAL_TIM_PWM_DeInit                                build/stm32f4xx_hal_tim.o
HAL_TIM_PWM_GetState                              build/stm32f4xx_hal_tim.o
HAL_TIM_PWM_Init                                  build/stm32f4xx_hal_tim.o
HAL_TIM_PWM_MspDeInit                             build/stm32f4xx_hal_tim.o
HAL_TIM_PWM_MspInit                               build/stm32f4xx_hal_tim.o
HAL_TIM_PWM_PulseFinishedCallback                 build/stm32f4xx_hal_tim.o
                                                  build/stm32f4xx_hal_tim_ex.o
HAL_TIM_PWM_PulseFinishedHalfCpltCallback         build/stm32f4xx_hal_tim.o
HAL_TIM_PWM_Start                                 build/stm32f4xx_hal_tim.o
HAL_TIM_PWM_Start_DMA                             build/stm32f4xx_hal_tim.o
HAL_TIM_PWM_Start_IT                              build/stm32f4xx_hal_tim.o
HAL_TIM_PWM_Stop                                  build/stm32f4xx_hal_tim.o
HAL_TIM_PWM_Stop_DMA                              build/stm32f4xx_hal_tim.o
HAL_TIM_PWM_Stop_IT                               build/stm32f4xx_hal_tim.o
HAL_TIM_PeriodElapsedCallback                     build/main.o
HAL_TIM_PeriodElapsedHalfCpltCallback             build/stm32f4xx_hal_tim.o
HAL_TIM_ReadCapturedValue                         build/stm32f4xx_hal_tim.o
HAL_TIM_SlaveConfigSynchro                        build/stm32f4xx_hal_tim.o
HAL_TIM_SlaveConfigSynchro_IT                     build/stm32f4xx_hal_tim.o
HAL_TIM_TriggerCallback                           build/stm32f4xx_hal_tim.o
HAL_TIM_TriggerHalfCpltCallback                   build/stm32f4xx_hal_tim.o
HAL_UARTEx_GetRxEventType                         build/stm32f4xx_hal_uart.o
HAL_UARTEx_ReceiveToIdle                          build/stm32f4xx_hal_uart.o
HAL_UARTEx_ReceiveToIdle_DMA                      build/stm32f4xx_hal_uart.o
HAL_UARTEx_ReceiveToIdle_IT                       build/stm32f4xx_hal_uart.o
HAL_UARTEx_RxEventCallback                        build/stm32f4xx_hal_uart.o
HAL_UART_Abort                                    build/stm32f4xx_hal_uart.o
HAL_UART_AbortCpltCallback                        build/stm32f4xx_hal_uart.o